Component: ARM Compiler 5.06 update 6 (build 750) Tool: armlink [4d35ed]

==============================================================================

Section Cross References

    main.o(i.main) refers to hardware_init.o(i.hardware_init) for hardware_init
    main.o(i.main) refers to adc.o(i.initADC) for initADC
    main.o(i.main) refers to h1_alloc.o(.text) for malloc
    main.o(i.main) refers to fsl_debug_console.o(i.debug_printf) for debug_printf
    i2c_mk64f.o(i.EDMA_DRV_PrepareDescriptorTransfer) refers to fsl_edma_hal.o(i.EDMA_HAL_STCDSetBasicTransfer) for EDMA_HAL_STCDSetBasicTransfer
    i2c_mk64f.o(i.EDMA_DRV_PrepareDescriptorTransfer) refers to fsl_edma_common.o(.constdata) for g_edmaBase
    i2c_mk64f.o(i.EDMA_HAL_STCDSetBandwidth) refers to assert.o(.text) for __aeabi_assert
    i2c_mk64f.o(i.EDMA_HAL_STCDSetBandwidth) refers to i2c_mk64f.o(.conststring) for .conststring
    i2c_mk64f.o(i.EDMA_HAL_STCDSetChannelMajorLink) refers to assert.o(.text) for __aeabi_assert
    i2c_mk64f.o(i.EDMA_HAL_STCDSetChannelMajorLink) refers to i2c_mk64f.o(.conststring) for .conststring
    i2c_mk64f.o(i.EDMA_HAL_STCDSetDisableDmaRequestAfterTCDDoneCmd) refers to assert.o(.text) for __aeabi_assert
    i2c_mk64f.o(i.EDMA_HAL_STCDSetDisableDmaRequestAfterTCDDoneCmd) refers to i2c_mk64f.o(.conststring) for .conststring
    i2c_mk64f.o(i.EDMA_HAL_STCDSetHalfCompleteIntCmd) refers to assert.o(.text) for __aeabi_assert
    i2c_mk64f.o(i.EDMA_HAL_STCDSetHalfCompleteIntCmd) refers to i2c_mk64f.o(.conststring) for .conststring
    i2c_mk64f.o(i.EDMA_HAL_STCDSetScatterGatherCmd) refers to assert.o(.text) for __aeabi_assert
    i2c_mk64f.o(i.EDMA_HAL_STCDSetScatterGatherCmd) refers to i2c_mk64f.o(.conststring) for .conststring
    i2c_mk64f.o(i.GPIO_HAL_ClearPinOutput) refers to assert.o(.text) for __aeabi_assert
    i2c_mk64f.o(i.GPIO_HAL_ClearPinOutput) refers to i2c_mk64f.o(.conststring) for .conststring
    i2c_mk64f.o(i.GPIO_HAL_ReadPinInput) refers to assert.o(.text) for __aeabi_assert
    i2c_mk64f.o(i.GPIO_HAL_ReadPinInput) refers to i2c_mk64f.o(.conststring) for .conststring
    i2c_mk64f.o(i.GPIO_HAL_SetPinOutput) refers to assert.o(.text) for __aeabi_assert
    i2c_mk64f.o(i.GPIO_HAL_SetPinOutput) refers to i2c_mk64f.o(.conststring) for .conststring
    i2c_mk64f.o(i.I2C0_Control) refers to i2c_mk64f.o(i.I2C_Control) for I2C_Control
    i2c_mk64f.o(i.I2C0_Control) refers to i2c_mk64f.o(.constdata) for I2C0_Resources
    i2c_mk64f.o(i.I2C0_GetDataCount) refers to i2c_mk64f.o(i.I2C_GetDataCount) for I2C_GetDataCount
    i2c_mk64f.o(i.I2C0_GetDataCount) refers to i2c_mk64f.o(.constdata) for I2C0_Resources
    i2c_mk64f.o(i.I2C0_GetStatus) refers to i2c_mk64f.o(i.I2C_GetStatus) for I2C_GetStatus
    i2c_mk64f.o(i.I2C0_GetStatus) refers to i2c_mk64f.o(.constdata) for I2C0_Resources
    i2c_mk64f.o(i.I2C0_IRQHandler) refers to i2c_mk64f.o(i.I2Cx_IRQHandler) for I2Cx_IRQHandler
    i2c_mk64f.o(i.I2C0_IRQHandler) refers to i2c_mk64f.o(.constdata) for I2C0_Resources
    i2c_mk64f.o(i.I2C0_Initialize) refers to i2c_mk64f.o(i.I2C_Initialize) for I2C_Initialize
    i2c_mk64f.o(i.I2C0_Initialize) refers to i2c_mk64f.o(.constdata) for I2C0_Resources
    i2c_mk64f.o(i.I2C0_MasterReceive) refers to i2c_mk64f.o(i.I2C_MasterReceive) for I2C_MasterReceive
    i2c_mk64f.o(i.I2C0_MasterReceive) refers to i2c_mk64f.o(.constdata) for I2C0_Resources
    i2c_mk64f.o(i.I2C0_MasterTransmit) refers to i2c_mk64f.o(i.I2C_MasterTransmit) for I2C_MasterTransmit
    i2c_mk64f.o(i.I2C0_MasterTransmit) refers to i2c_mk64f.o(.constdata) for I2C0_Resources
    i2c_mk64f.o(i.I2C0_PowerControl) refers to i2c_mk64f.o(i.I2C_PowerControl) for I2C_PowerControl
    i2c_mk64f.o(i.I2C0_PowerControl) refers to i2c_mk64f.o(.constdata) for I2C0_Resources
    i2c_mk64f.o(i.I2C0_SlaveReceive) refers to i2c_mk64f.o(i.I2C_SlaveReceive) for I2C_SlaveReceive
    i2c_mk64f.o(i.I2C0_SlaveReceive) refers to i2c_mk64f.o(.constdata) for I2C0_Resources
    i2c_mk64f.o(i.I2C0_SlaveTransmit) refers to i2c_mk64f.o(i.I2C_SlaveTransmit) for I2C_SlaveTransmit
    i2c_mk64f.o(i.I2C0_SlaveTransmit) refers to i2c_mk64f.o(.constdata) for I2C0_Resources
    i2c_mk64f.o(i.I2C0_Uninitialize) refers to i2c_mk64f.o(i.I2C_Uninitialize) for I2C_Uninitialize
    i2c_mk64f.o(i.I2C0_Uninitialize) refers to i2c_mk64f.o(.constdata) for I2C0_Resources
    i2c_mk64f.o(i.I2C1_Control) refers to i2c_mk64f.o(i.I2C_Control) for I2C_Control
    i2c_mk64f.o(i.I2C1_Control) refers to i2c_mk64f.o(.constdata) for I2C1_Resources
    i2c_mk64f.o(i.I2C1_GetDataCount) refers to i2c_mk64f.o(i.I2C_GetDataCount) for I2C_GetDataCount
    i2c_mk64f.o(i.I2C1_GetDataCount) refers to i2c_mk64f.o(.constdata) for I2C1_Resources
    i2c_mk64f.o(i.I2C1_GetStatus) refers to i2c_mk64f.o(i.I2C_GetStatus) for I2C_GetStatus
    i2c_mk64f.o(i.I2C1_GetStatus) refers to i2c_mk64f.o(.constdata) for I2C1_Resources
    i2c_mk64f.o(i.I2C1_IRQHandler) refers to i2c_mk64f.o(i.I2Cx_IRQHandler) for I2Cx_IRQHandler
[...]
    I2C1_MasterReceive                       0x00002215   Thumb Code    28  i2c_mk64f.o(i.I2C1_MasterReceive)
    i.I2C1_MasterTransmit                    0x00002234   Section        0  i2c_mk64f.o(i.I2C1_MasterTransmit)
    I2C1_MasterTransmit                      0x00002235   Thumb Code    28  i2c_mk64f.o(i.I2C1_MasterTransmit)
    i.I2C1_PowerControl                      0x00002254   Section        0  i2c_mk64f.o(i.I2C1_PowerControl)
    I2C1_PowerControl                        0x00002255   Thumb Code    14  i2c_mk64f.o(i.I2C1_PowerControl)
    i.I2C1_SlaveReceive                      0x00002268   Section        0  i2c_mk64f.o(i.I2C1_SlaveReceive)
    I2C1_SlaveReceive                        0x00002269   Thumb Code    18  i2c_mk64f.o(i.I2C1_SlaveReceive)
    i.I2C1_SlaveTransmit                     0x00002280   Section        0  i2c_mk64f.o(i.I2C1_SlaveTransmit)
    I2C1_SlaveTransmit                       0x00002281   Thumb Code    18  i2c_mk64f.o(i.I2C1_SlaveTransmit)
    i.I2C1_Uninitialize                      0x00002298   Section        0  i2c_mk64f.o(i.I2C1_Uninitialize)
    I2C1_Uninitialize                        0x00002299   Thumb Code    10  i2c_mk64f.o(i.I2C1_Uninitialize)
    i.I2C2_Control                           0x000022a8   Section        0  i2c_mk64f.o(i.I2C2_Control)
    I2C2_Control                             0x000022a9   Thumb Code    18  i2c_mk64f.o(i.I2C2_Control)
    i.I2C2_GetDataCount                      0x000022c0   Section        0  i2c_mk64f.o(i.I2C2_GetDataCount)
    I2C2_GetDataCount                        0x000022c1   Thumb Code    10  i2c_mk64f.o(i.I2C2_GetDataCount)
    i.I2C2_GetStatus                         0x000022d0   Section        0  i2c_mk64f.o(i.I2C2_GetStatus)
    I2C2_GetStatus                           0x000022d1   Thumb Code    12  i2c_mk64f.o(i.I2C2_GetStatus)
    i.I2C2_IRQHandler                        0x000022e0   Section        0  i2c_mk64f.o(i.I2C2_IRQHandler)
    i.I2C2_Initialize                        0x000022f0   Section        0  i2c_mk64f.o(i.I2C2_Initialize)
    I2C2_Initialize                          0x000022f1   Thumb Code    14  i2c_mk64f.o(i.I2C2_Initialize)
    i.I2C2_MasterReceive                     0x00002304   Section        0  i2c_mk64f.o(i.I2C2_MasterReceive)
    I2C2_MasterReceive                       0x00002305   Thumb Code    28  i2c_mk64f.o(i.I2C2_MasterReceive)
    i.I2C2_MasterTransmit                    0x00002324   Section        0  i2c_mk64f.o(i.I2C2_MasterTransmit)
    I2C2_MasterTransmit                      0x00002325   Thumb Code    28  i2c_mk64f.o(i.I2C2_MasterTransmit)
    i.I2C2_PowerControl                      0x00002344   Section        0  i2c_mk64f.o(i.I2C2_PowerControl)
    I2C2_PowerControl                        0x00002345   Thumb Code    14  i2c_mk64f.o(i.I2C2_PowerControl)
    i.I2C2_SlaveReceive                      0x00002358   Section        0  i2c_mk64f.o(i.I2C2_SlaveReceive)
    I2C2_SlaveReceive                        0x00002359   Thumb Code    18  i2c_mk64f.o(i.I2C2_SlaveReceive)
    i.I2C2_SlaveTransmit                     0x00002370   Section        0  i2c_mk64f.o(i.I2C2_SlaveTransmit)
    I2C2_SlaveTransmit                       0x00002371   Thumb Code    18  i2c_mk64f.o(i.I2C2_SlaveTransmit)
    i.I2C2_Uninitialize                      0x00002388   Section        0  i2c_mk64f.o(i.I2C2_Uninitialize)
    I2C2_Uninitialize                        0x00002389   Thumb Code    10  i2c_mk64f.o(i.I2C2_Uninitialize)
    i.I2CX_GetCapabilities                   0x00002398   Section        0  i2c_mk64f.o(i.I2CX_GetCapabilities)
    I2CX_GetCapabilities                     0x00002399   Thumb Code     6  i2c_mk64f.o(i.I2CX_GetCapabilities)
    i.I2CX_GetVersion                        0x000023a4   Section        0  i2c_mk64f.o(i.I2CX_GetVersion)
    I2CX_GetVersion                          0x000023a5   Thumb Code    10  i2c_mk64f.o(i.I2CX_GetVersion)
    i.I2C_Control                            0x000023b4   Section        0  i2c_mk64f.o(i.I2C_Control)
    I2C_Control                              0x000023b5   Thumb Code   480  i2c_mk64f.o(i.I2C_Control)
    i.I2C_GetDataCount                       0x000025a8   Section        0  i2c_mk64f.o(i.I2C_GetDataCount)
    I2C_GetDataCount                         0x000025a9   Thumb Code    20  i2c_mk64f.o(i.I2C_GetDataCount)
    i.I2C_GetStatus                          0x000025bc   Section        0  i2c_mk64f.o(i.I2C_GetStatus)
    I2C_GetStatus                            0x000025bd   Thumb Code     8  i2c_mk64f.o(i.I2C_GetStatus)
    i.I2C_HAL_ClearInt                       0x000025c4   Section        0  i2c_mk64f.o(i.I2C_HAL_ClearInt)
    I2C_HAL_ClearInt                         0x000025c5   Thumb Code     6  i2c_mk64f.o(i.I2C_HAL_ClearInt)
    i.I2C_HAL_GetStatusFlag                  0x000025ca   Section        0  i2c_mk64f.o(i.I2C_HAL_GetStatusFlag)
    I2C_HAL_GetStatusFlag                    0x000025cb   Thumb Code    12  i2c_mk64f.o(i.I2C_HAL_GetStatusFlag)
    i.I2C_HAL_GetStatusFlag                  0x000025d6   Section        0  fsl_i2c_hal.o(i.I2C_HAL_GetStatusFlag)
    I2C_HAL_GetStatusFlag                    0x000025d7   Thumb Code    12  fsl_i2c_hal.o(i.I2C_HAL_GetStatusFlag)
    i.I2C_HAL_Init                           0x000025e2   Section        0  fsl_i2c_hal.o(i.I2C_HAL_Init)
    i.I2C_HAL_IsMaster                       0x00002600   Section        0  i2c_mk64f.o(i.I2C_HAL_IsMaster)
    I2C_HAL_IsMaster                         0x00002601   Thumb Code    22  i2c_mk64f.o(i.I2C_HAL_IsMaster)
    i.I2C_HAL_ReadByte                       0x00002616   Section        0  i2c_mk64f.o(i.I2C_HAL_ReadByte)
    I2C_HAL_ReadByte                         0x00002617   Thumb Code     6  i2c_mk64f.o(i.I2C_HAL_ReadByte)
    i.I2C_HAL_SendAck                        0x0000261c   Section        0  i2c_mk64f.o(i.I2C_HAL_SendAck)
    I2C_HAL_SendAck                          0x0000261d   Thumb Code    14  i2c_mk64f.o(i.I2C_HAL_SendAck)
    i.I2C_HAL_SendNak                        0x0000262a   Section        0  i2c_mk64f.o(i.I2C_HAL_SendNak)
    I2C_HAL_SendNak                          0x0000262b   Thumb Code    14  i2c_mk64f.o(i.I2C_HAL_SendNak)
    i.I2C_HAL_SendStart                      0x00002638   Section        0  fsl_i2c_hal.o(i.I2C_HAL_SendStart)
    i.I2C_HAL_SendStop                       0x0000265c   Section        0  fsl_i2c_hal.o(i.I2C_HAL_SendStop)
    i.I2C_HAL_SetAddress10bit                0x000026c8   Section        0  fsl_i2c_hal.o(i.I2C_HAL_SetAddress10bit)
    i.I2C_HAL_SetAddress7bit                 0x000026ea   Section        0  fsl_i2c_hal.o(i.I2C_HAL_SetAddress7bit)
    i.I2C_HAL_SetBaudRate                    0x00002700   Section        0  fsl_i2c_hal.o(i.I2C_HAL_SetBaudRate)
    i.I2C_HAL_SetDirMode                     0x000027a8   Section        0  i2c_mk64f.o(i.I2C_HAL_SetDirMode)
    I2C_HAL_SetDirMode                       0x000027a9   Thumb Code    12  i2c_mk64f.o(i.I2C_HAL_SetDirMode)
    i.I2C_HAL_SetDmaCmd                      0x000027b4   Section        0  i2c_mk64f.o(i.I2C_HAL_SetDmaCmd)
    I2C_HAL_SetDmaCmd                        0x000027b5   Thumb Code    12  i2c_mk64f.o(i.I2C_HAL_SetDmaCmd)
    i.I2C_HAL_SetIntCmd                      0x000027c0   Section        0  i2c_mk64f.o(i.I2C_HAL_SetIntCmd)
    I2C_HAL_SetIntCmd                        0x000027c1   Thumb Code    12  i2c_mk64f.o(i.I2C_HAL_SetIntCmd)
    i.I2C_HAL_WriteByte                      0x000027cc   Section        0  i2c_mk64f.o(i.I2C_HAL_WriteByte)
    I2C_HAL_WriteByte                        0x000027cd   Thumb Code     4  i2c_mk64f.o(i.I2C_HAL_WriteByte)
    i.I2C_Initialize                         0x000027d0   Section        0  i2c_mk64f.o(i.I2C_Initialize)
    I2C_Initialize                           0x000027d1   Thumb Code   244  i2c_mk64f.o(i.I2C_Initialize)
    i.I2C_MasterReceive                      0x000028c8   Section        0  i2c_mk64f.o(i.I2C_MasterReceive)
    I2C_MasterReceive                        0x000028c9   Thumb Code   318  i2c_mk64f.o(i.I2C_MasterReceive)
    i.I2C_MasterTransmit                     0x00002a06   Section        0  i2c_mk64f.o(i.I2C_MasterTransmit)
    I2C_MasterTransmit                       0x00002a07   Thumb Code   318  i2c_mk64f.o(i.I2C_MasterTransmit)
    i.I2C_PowerControl                       0x00002b44   Section        0  i2c_mk64f.o(i.I2C_PowerControl)
    I2C_PowerControl                         0x00002b45   Thumb Code   386  i2c_mk64f.o(i.I2C_PowerControl)
    i.I2C_SlaveReceive                       0x00002cd0   Section        0  i2c_mk64f.o(i.I2C_SlaveReceive)
    I2C_SlaveReceive                         0x00002cd1   Thumb Code    80  i2c_mk64f.o(i.I2C_SlaveReceive)
    i.I2C_SlaveTransmit                      0x00002d20   Section        0  i2c_mk64f.o(i.I2C_SlaveTransmit)
    I2C_SlaveTransmit                        0x00002d21   Thumb Code    80  i2c_mk64f.o(i.I2C_SlaveTransmit)
    i.I2C_Uninitialize                       0x00002d70   Section        0  i2c_mk64f.o(i.I2C_Uninitialize)
    I2C_Uninitialize                         0x00002d71   Thumb Code    10  i2c_mk64f.o(i.I2C_Uninitialize)
    i.I2Cx_DMA_Callback                      0x00002d7c   Section        0  i2c_mk64f.o(i.I2Cx_DMA_Callback)
    I2Cx_DMA_Callback                        0x00002d7d   Thumb Code    90  i2c_mk64f.o(i.I2Cx_DMA_Callback)
    i.I2Cx_IRQHandler                        0x00002ddc   Section        0  i2c_mk64f.o(i.I2Cx_IRQHandler)
    I2Cx_IRQHandler                          0x00002ddd   Thumb Code  1170  i2c_mk64f.o(i.I2Cx_IRQHandler)
    i.OSC_HAL_SetCapacitor                   0x0000326e   Section        0  fsl_osc_hal.o(i.OSC_HAL_SetCapacitor)
    i.OSC_HAL_SetExternalRefClkCmd           0x0000327a   Section        0  fsl_clock_manager.o(i.OSC_HAL_SetExternalRefClkCmd)
    OSC_HAL_SetExternalRefClkCmd             0x0000327b   Thumb Code    10  fsl_clock_manager.o(i.OSC_HAL_SetExternalRefClkCmd)
    i.OSC_HAL_SetExternalRefClkInStopModeCmd 0x00003284   Section        0  fsl_clock_manager.o(i.OSC_HAL_SetExternalRefClkInStopModeCmd)
    OSC_HAL_SetExternalRefClkInStopModeCmd   0x00003285   Thumb Code    10  fsl_clock_manager.o(i.OSC_HAL_SetExternalRefClkInStopModeCmd)
    i.PORT_HAL_SetMuxMode                    0x00003290   Section        0  i2c_mk64f.o(i.PORT_HAL_SetMuxMode)
    PORT_HAL_SetMuxMode                      0x00003291   Thumb Code    48  i2c_mk64f.o(i.PORT_HAL_SetMuxMode)
    i.PORT_HAL_SetMuxMode                    0x000032d4   Section        0  pin_mux.o(i.PORT_HAL_SetMuxMode)
    PORT_HAL_SetMuxMode                      0x000032d5   Thumb Code    48  pin_mux.o(i.PORT_HAL_SetMuxMode)
    i.PORT_HAL_SetOpenDrainCmd               0x00003318   Section        0  i2c_mk64f.o(i.PORT_HAL_SetOpenDrainCmd)
    PORT_HAL_SetOpenDrainCmd                 0x00003319   Thumb Code    38  i2c_mk64f.o(i.PORT_HAL_SetOpenDrainCmd)
    i.PTx_Base                               0x00003350   Section        0  i2c_mk64f.o(i.PTx_Base)
    PTx_Base                                 0x00003351   Thumb Code    72  i2c_mk64f.o(i.PTx_Base)
    i.RTC_HAL_SetOscillatorCmd               0x000033a8   Section        0  fsl_clock_manager.o(i.RTC_HAL_SetOscillatorCmd)
    RTC_HAL_SetOscillatorCmd                 0x000033a9   Thumb Code    14  fsl_clock_manager.o(i.RTC_HAL_SetOscillatorCmd)
    i.SIM_HAL_EnableClock                    0x000033b6   Section        0  fsl_clock_mk64f12.o(i.SIM_HAL_EnableClock)
    SIM_HAL_EnableClock                      0x000033b7   Thumb Code    34  fsl_clock_mk64f12.o(i.SIM_HAL_EnableClock)
    i.SystemCoreClockUpdate                  0x000033d8   Section        0  system_mk64f12.o(i.SystemCoreClockUpdate)
    i.SystemInit                             0x0000359c   Section        0  system_mk64f12.o(i.SystemInit)
    i.UART_HAL_Getchar                       0x000035c8   Section        0  fsl_uart_hal.o(i.UART_HAL_Getchar)
    i.UART_HAL_Putchar                       0x000035d4   Section        0  fsl_uart_hal.o(i.UART_HAL_Putchar)
    i.UART_HAL_ReceiveDataPolling            0x000035de   Section        0  fsl_uart_hal.o(i.UART_HAL_ReceiveDataPolling)
    i.UART_HAL_SendDataPolling               0x00003634   Section        0  fsl_uart_hal.o(i.UART_HAL_SendDataPolling)
    i.UART_HAL_SetBaudRate                   0x00003662   Section        0  fsl_uart_hal.o(i.UART_HAL_SetBaudRate)
    i.UART_HAL_SetParityMode                 0x000036a6   Section        0  fsl_uart_hal.o(i.UART_HAL_SetParityMode)
    i._doprint                               0x000036c4   Section        0  print_scan.o(i._doprint)
    i.configure_uart_pins                    0x00003c28   Section        0  pin_mux.o(i.configure_uart_pins)
    i.dbg_uart_init                          0x00003c70   Section        0  board.o(i.dbg_uart_init)
    i.debug_printf                           0x00003c88   Section        0  fsl_debug_console.o(i.debug_printf)
    i.debug_putc                             0x00003cc4   Section        0  fsl_debug_console.o(i.debug_putc)
    debug_putc                               0x00003cc5   Thumb Code    38  fsl_debug_console.o(i.debug_putc)
    i.fput_pad                               0x00003cf0   Section        0  print_scan.o(i.fput_pad)
    fput_pad                                 0x00003cf1   Thumb Code    48  print_scan.o(i.fput_pad)
    i.hardware_init                          0x00003d20   Section        0  hardware_init.o(i.hardware_init)
    i.initADC                                0x00003d40   Section        0  adc.o(i.initADC)
    i.init_data_bss                          0x00003d8c   Section        0  startup.o(i.init_data_bss)
    i.main                                   0x00003dd4   Section        0  main.o(i.main)
    i.mknumstr                               0x00003e8c   Section        0  print_scan.o(i.mknumstr)
    mknumstr                                 0x00003e8d   Thumb Code   166  print_scan.o(i.mknumstr)
    x$fpl$fpinit                             0x00003f32   Section       10  fpinit.o(x$fpl$fpinit)
    $v0                                      0x00003f32   Number         0  fpinit.o(x$fpl$fpinit)
    .constdata                               0x00003f3c   Section      272  i2c_mk64f.o(.constdata)
    DriverVersion                            0x00003f3c   Data           4  i2c_mk64f.o(.constdata)
    DriverCapabilities                       0x00003f40   Data           4  i2c_mk64f.o(.constdata)
    I2C0_Resources                           0x00003f44   Data          40  i2c_mk64f.o(.constdata)
    I2C1_Resources                           0x00003f6c   Data          40  i2c_mk64f.o(.constdata)
    I2C2_Resources                           0x00003f94   Data          40  i2c_mk64f.o(.constdata)
    .constdata                               0x0000404c   Section       72  board.o(.constdata)
    .constdata                               0x00004094   Section       25  fsl_edma_common.o(.constdata)
    .constdata                               0x000040b0   Section        6  fsl_rtc_common.o(.constdata)
    .constdata                               0x000040b6   Section      200  fsl_i2c_hal.o(.constdata)
    .constdata                               0x0000417e   Section       48  fsl_mcg_hal.o(.constdata)
    fllFactorTable                           0x0000417e   Data          16  fsl_mcg_hal.o(.constdata)
    freq_kHz                                 0x0000418e   Data          16  fsl_mcg_hal.o(.constdata)
    freqLow_kHz                              0x0000419e   Data          16  fsl_mcg_hal.o(.constdata)
    .constdata                               0x000041ae   Section       25  fsl_clock_mk64f12.o(.constdata)
    portGateTable                            0x000041ae   Data           5  fsl_clock_mk64f12.o(.constdata)
    adcGateTable                             0x000041b3   Data           2  fsl_clock_mk64f12.o(.constdata)
    dacGateTable                             0x000041b5   Data           2  fsl_clock_mk64f12.o(.constdata)
    ftmGateTable                             0x000041b7   Data           4  fsl_clock_mk64f12.o(.constdata)
    spiGateTable                             0x000041bb   Data           3  fsl_clock_mk64f12.o(.constdata)
    i2cGateTable                             0x000041be   Data           3  fsl_clock_mk64f12.o(.constdata)
    uartGateTable                            0x000041c1   Data           6  fsl_clock_mk64f12.o(.constdata)
    .constdata                               0x000041c8   Section       12  fsl_clock_manager_common.o(.constdata)
    .constdata                               0x000041d4   Section       24  fsl_debug_console.o(.constdata)
    .conststring                             0x000041ec   Section      239  i2c_mk64f.o(.conststring)
    .conststring                             0x000042dc   Section       81  fsl_edma_driver.o(.conststring)
    .conststring                             0x00004330   Section       84  fsl_edma_hal.o(.conststring)
    .conststring                             0x00004384   Section       84  fsl_gpio_hal.o(.conststring)
    .conststring                             0x000043d8   Section       82  fsl_i2c_hal.o(.conststring)
    .conststring                             0x0000442c   Section      101  fsl_clock_mk64f12.o(.conststring)
    .conststring                             0x00004494   Section       93  fsl_clock_manager.o(.conststring)
    .data                                    0x20000000   Section        4  fsl_edma_driver.o(.data)
    .data                                    0x20000004   Section       16  fsl_mcg_hal.o(.data)
    .data                                    0x20000014   Section        4  system_mk64f12.o(.data)
    .bss                                     0x20000018   Section       96  i2c_mk64f.o(.bss)
    I2C0_Ctrl                                0x20000018   Data          32  i2c_mk64f.o(.bss)
    I2C1_Ctrl                                0x20000038   Data          32  i2c_mk64f.o(.bss)
    I2C2_Ctrl                                0x20000058   Data          32  i2c_mk64f.o(.bss)
    .bss                                     0x20000078   Section       16  fsl_debug_console.o(.bss)
    s_debugConsole                           0x20000078   Data          16  fsl_debug_console.o(.bss)
    .bss                                     0x20000088   Section       96  libspace.o(.bss)

    Global Symbols

    Symbol Name                              Value     Ov Type        Size  Object(Section)

    BuildAttributes$$THM_ISAv4$E$P$D$K$B$S$7EM$VFPi3$EXTD16$VFPS$VFMA$PE$A:L22UL41UL21$X:L11$S22US41US21$IEEE1$IW$USESV6$~STKCKD$USESV7$~SHL$OTIME$ROPI$EBA8$UX$STANDARDLIB$REQ8$PRES8$EABIv2 0x00000000   Number         0  anon$$obj.o ABSOLUTE
    Image$$VECTOR_RAM$$Base                  0x00000000   Number         0  anon$$obj.o ABSOLUTE
    Image$$VECTOR_ROM$$Base                  0x00000000   Number         0  anon$$obj.o ABSOLUTE
    __ARM_use_no_argv                        0x00000000   Number         0  main.o ABSOLUTE
    __Vectors                                0x00000000   Data           4  startup_mk64f12.o(RESET)
    Image$$ZI$$Limit                          - Undefined Weak Reference
    __ARM_exceptions_init                     - Undefined Weak Reference
    __alloca_initialize                       - Undefined Weak Reference
    __arm_preinit_                            - Undefined Weak Reference
    __cpp_initialize__aeabi_                  - Undefined Weak Reference
    __cxa_finalize                            - Undefined Weak Reference
    __rt_locale                               - Undefined Weak Reference
    __sigvec_lookup                           - Undefined Weak Reference
    __user_heap_extent                        - Undefined Weak Reference
    _atexit_init                              - Undefined Weak Reference
    _call_atexit_fns                          - Undefined Weak Reference
    _clock_init                               - Undefined Weak Reference
    _fp_trap_init                             - Undefined Weak Reference
    _fp_trap_shutdown                         - Undefined Weak Reference
    _get_lc_collate                           - Undefined Weak Reference
    _get_lc_ctype                             - Undefined Weak Reference
    _get_lc_monetary                          - Undefined Weak Reference
    _get_lc_numeric                           - Undefined Weak Reference
    _get_lc_time                              - Undefined Weak Reference
    _getenv_init                              - Undefined Weak Reference
    _handle_redirection                       - Undefined Weak Reference
    _initio                                   - Undefined Weak Reference
    _mutex_acquire                            - Undefined Weak Reference
    _mutex_free                               - Undefined Weak Reference
    _mutex_release                            - Undefined Weak Reference
    _rand_init                                - Undefined Weak Reference
    _signal_finish                            - Undefined Weak Reference
    _signal_init                              - Undefined Weak Reference
    _terminateio                              - Undefined Weak Reference
    __Vectors_End                            0x00000400   Data           0  startup_mk64f12.o(RESET)
    __Vectors_Size                           0x00000400   Number         0  startup_mk64f12.o ABSOLUTE
    __main                                   0x00000411   Thumb Code     8  __main.o(!!!main)
    __scatterload                            0x00000419   Thumb Code     0  __scatter.o(!!!scatter)
    __scatterload_rt2                        0x00000419   Thumb Code    44  __scatter.o(!!!scatter)
    __scatterload_rt2_thumb_only             0x00000419   Thumb Code     0  __scatter.o(!!!scatter)
    __scatterload_null                       0x00000427   Thumb Code     0  __scatter.o(!!!scatter)
    __scatterload_copy                       0x0000044d   Thumb Code    26  __scatter_copy.o(!!handler_copy)
    __scatterload_zeroinit                   0x00000469   Thumb Code    28  __scatter_zi.o(!!handler_zi)
    __rt_lib_init                            0x00000485   Thumb Code     0  libinit.o(.ARM.Collect$$libinit$$00000000)
    __rt_lib_init_fp_1                       0x00000487   Thumb Code     0  libinit2.o(.ARM.Collect$$libinit$$00000001)
    __rt_lib_init_heap_2                     0x0000048b   Thumb Code     0  libinit5.o(.ARM.Collect$$libinit$$00000008)
    __rt_lib_init_preinit_1                  0x0000048b   Thumb Code     0  libinit2.o(.ARM.Collect$$libinit$$00000004)
    __rt_lib_init_alloca_1                   0x00000493   Thumb Code     0  libinit2.o(.ARM.Collect$$libinit$$0000002E)
    __rt_lib_init_argv_1                     0x00000493   Thumb Code     0  libinit2.o(.ARM.Collect$$libinit$$0000002C)
    __rt_lib_init_atexit_1                   0x00000493   Thumb Code     0  libinit2.o(.ARM.Collect$$libinit$$0000001B)
    __rt_lib_init_clock_1                    0x00000493   Thumb Code     0  libinit2.o(.ARM.Collect$$libinit$$00000021)
    __rt_lib_init_cpp_1                      0x00000493   Thumb Code     0  libinit2.o(.ARM.Collect$$libinit$$00000032)
    __rt_lib_init_exceptions_1               0x00000493   Thumb Code     0  libinit2.o(.ARM.Collect$$libinit$$00000030)
    __rt_lib_init_fp_trap_1                  0x00000493   Thumb Code     0  libinit2.o(.ARM.Collect$$libinit$$0000001F)
    __rt_lib_init_getenv_1                   0x00000493   Thumb Code     0  libinit2.o(.ARM.Collect$$libinit$$00000023)
    __rt_lib_init_heap_1                     0x00000493   Thumb Code     0  libinit2.o(.ARM.Collect$$libinit$$0000000A)
    __rt_lib_init_lc_collate_1               0x00000493   Thumb Code     0  libinit2.o(.ARM.Collect$$libinit$$00000011)
    __rt_lib_init_lc_ctype_1                 0x00000493   Thumb Code     0  libinit2.o(.ARM.Collect$$libinit$$00000013)
    __rt_lib_init_lc_monetary_1              0x00000493   Thumb Code     0  libinit2.o(.ARM.Collect$$libinit$$00000015)
    __rt_lib_init_lc_numeric_1               0x00000493   Thumb Code     0  libinit2.o(.ARM.Collect$$libinit$$00000017)
    __rt_lib_init_lc_time_1                  0x00000493   Thumb Code     0  libinit2.o(.ARM.Collect$$libinit$$00000019)
    __rt_lib_init_rand_1                     0x00000493   Thumb Code     0  libinit2.o(.ARM.Collect$$libinit$$0000000E)
    __rt_lib_init_return                     0x00000493   Thumb Code     0  libinit2.o(.ARM.Collect$$libinit$$00000033)
    __rt_lib_init_signal_1                   0x00000493   Thumb Code     0  libinit2.o(.ARM.Collect$$libinit$$0000001D)
    __rt_lib_init_stdio_1                    0x00000493   Thumb Code     0  libinit2.o(.ARM.Collect$$libinit$$00000025)
    __rt_lib_init_user_alloc_1               0x00000493   Thumb Code     0  libinit2.o(.ARM.Collect$$libinit$$0000000C)
    __rt_lib_shutdown                        0x0000049d   Thumb Code     0  libshutdown.o(.ARM.Collect$$libshutdown$$00000000)
    __rt_lib_shutdown_cpp_1                  0x0000049f   Thumb Code     0  libshutdown2.o(.ARM.Collect$$libshutdown$$00000002)
    __rt_lib_shutdown_fp_trap_1              0x0000049f   Thumb Code     0  libshutdown2.o(.ARM.Collect$$libshutdown$$00000007)
    __rt_lib_shutdown_heap_1                 0x0000049f   Thumb Code     0  libshutdown2.o(.ARM.Collect$$libshutdown$$0000000F)
    __rt_lib_shutdown_return                 0x0000049f   Thumb Code     0  libshutdown2.o(.ARM.Collect$$libshutdown$$00000010)
    __rt_lib_shutdown_signal_1               0x0000049f   Thumb Code     0  libshutdown2.o(.ARM.Collect$$libshutdown$$0000000A)
    __rt_lib_shutdown_stdio_1                0x0000049f   Thumb Code     0  libshutdown2.o(.ARM.Collect$$libshutdown$$00000004)
    __rt_lib_shutdown_user_alloc_1           0x0000049f   Thumb Code     0  libshutdown2.o(.ARM.Collect$$libshutdown$$0000000C)
    __rt_entry                               0x000004a1   Thumb Code     0  __rtentry.o(.ARM.Collect$$rtentry$$00000000)
    __rt_entry_presh_1                       0x000004a1   Thumb Code     0  __rtentry2.o(.ARM.Collect$$rtentry$$00000002)
    __rt_entry_sh                            0x000004a1   Thumb Code     0  __rtentry7.o(.ARM.Collect$$rtentry$$00000007)
    __rt_entry_li                            0x000004a5   Thumb Code     0  __rtentry2.o(.ARM.Collect$$rtentry$$0000000A)
    __rt_entry_postsh_1                      0x000004a5   Thumb Code     0  __rtentry2.o(.ARM.Collect$$rtentry$$00000009)
    __rt_entry_main                          0x000004a9   Thumb Code     0  __rtentry2.o(.ARM.Collect$$rtentry$$0000000D)
    __rt_entry_postli_1                      0x000004a9   Thumb Code     0  __rtentry2.o(.ARM.Collect$$rtentry$$0000000C)
    __rt_exit                                0x000004b5   Thumb Code     0  rtexit.o(.ARM.Collect$$rtexit$$00000000)
    __rt_exit_ls                             0x000004b7   Thumb Code     0  rtexit2.o(.ARM.Collect$$rtexit$$00000003)
    __rt_exit_prels_1                        0x000004b7   Thumb Code     0  rtexit2.o(.ARM.Collect$$rtexit$$00000002)
    __rt_exit_exit                           0x000004bb   Thumb Code     0  rtexit2.o(.ARM.Collect$$rtexit$$00000004)
    Reset_Handler                            0x000004c1   Thumb Code    18  startup_mk64f12.o(.text)
    _maybe_terminate_alloc                   0x000004c1   Thumb Code     0  maybetermalloc1.o(.emb_text)
    NMI_Handler                              0x000004d3   Thumb Code     2  startup_mk64f12.o(.text)
    HardFault_Handler                        0x000004d5   Thumb Code     2  startup_mk64f12.o(.text)
    MemManage_Handler                        0x000004d7   Thumb Code     2  startup_mk64f12.o(.text)
    BusFault_Handler                         0x000004d9   Thumb Code     2  startup_mk64f12.o(.text)
    UsageFault_Handler                       0x000004db   Thumb Code     2  startup_mk64f12.o(.text)
    SVC_Handler                              0x000004dd   Thumb Code     2  startup_mk64f12.o(.text)
    DebugMon_Handler                         0x000004df   Thumb Code     2  startup_mk64f12.o(.text)
    PendSV_Handler                           0x000004e1   Thumb Code     2  startup_mk64f12.o(.text)
    SysTick_Handler                          0x000004e3   Thumb Code     2  startup_mk64f12.o(.text)
    ADC0_IRQHandler                          0x000004e5   Thumb Code     0  startup_mk64f12.o(.text)
    ADC1_IRQHandler                          0x000004e5   Thumb Code     0  startup_mk64f12.o(.text)
    CAN0_Bus_Off_IRQHandler                  0x000004e5   Thumb Code     0  startup_mk64f12.o(.text)
    CAN0_Error_IRQHandler                    0x000004e5   Thumb Code     0  startup_mk64f12.o(.text)
    CAN0_ORed_Message_buffer_IRQHandler      0x000004e5   Thumb Code     0  startup_mk64f12.o(.text)
    CAN0_Rx_Warning_IRQHandler               0x000004e5   Thumb Code     0  startup_mk64f12.o(.text)
    CAN0_Tx_Warning_IRQHandler               0x000004e5   Thumb Code     0  startup_mk64f12.o(.text)
    CAN0_Wake_Up_IRQHandler                  0x000004e5   Thumb Code     0  startup_mk64f12.o(.text)
    CMP0_IRQHandler                          0x000004e5   Thumb Code     0  startup_mk64f12.o(.text)
    CMP1_IRQHandler                          0x000004e5   Thumb Code     0  startup_mk64f12.o(.text)
    CMP2_IRQHandler                          0x000004e5   Thumb Code     0  startup_mk64f12.o(.text)
    CMT_IRQHandler                           0x000004e5   Thumb Code     0  startup_mk64f12.o(.text)
    DAC0_IRQHandler                          0x000004e5   Thumb Code     0  startup_mk64f12.o(.text)
    DAC1_IRQHandler                          0x000004e5   Thumb Code     0  startup_mk64f12.o(.text)
    DMA_Error_IRQHandler                     0x000004e5   Thumb Code     0  startup_mk64f12.o(.text)
    DefaultISR                               0x000004e5   Thumb Code     0  startup_mk64f12.o(.text)
    ENET_1588_Timer_IRQHandler               0x000004e5   Thumb Code     0  startup_mk64f12.o(.text)
    ENET_Error_IRQHandler                    0x000004e5   Thumb Code     0  startup_mk64f12.o(.text)
    ENET_Receive_IRQHandler                  0x000004e5   Thumb Code     0  startup_mk64f12.o(.text)
    ENET_Transmit_IRQHandler                 0x000004e5   Thumb Code     0  startup_mk64f12.o(.text)
    FTFE_IRQHandler                          0x000004e5   Thumb Code     0  startup_mk64f12.o(.text)
    FTM0_IRQHandler                          0x000004e5   Thumb Code     0  startup_mk64f12.o(.text)
    FTM1_IRQHandler                          0x000004e5   Thumb Code     0  startup_mk64f12.o(.text)
    FTM2_IRQHandler                          0x000004e5   Thumb Code     0  startup_mk64f12.o(.text)
    FTM3_IRQHandler                          0x000004e5   Thumb Code     0  startup_mk64f12.o(.text)
    I2S0_Rx_IRQHandler                       0x000004e5   Thumb Code     0  startup_mk64f12.o(.text)
    I2S0_Tx_IRQHandler                       0x000004e5   Thumb Code     0  startup_mk64f12.o(.text)
    LLWU_IRQHandler                          0x000004e5   Thumb Code     0  startup_mk64f12.o(.text)
    LPTMR0_IRQHandler                        0x000004e5   Thumb Code     0  startup_mk64f12.o(.text)
    LVD_LVW_IRQHandler                       0x000004e5   Thumb Code     0  startup_mk64f12.o(.text)
    MCG_IRQHandler                           0x000004e5   Thumb Code     0  startup_mk64f12.o(.text)
    MCM_IRQHandler                           0x000004e5   Thumb Code     0  startup_mk64f12.o(.text)
    PDB0_IRQHandler                          0x000004e5   Thumb Code     0  startup_mk64f12.o(.text)
    PIT0_IRQHandler                          0x000004e5   Thumb Code     0  startup_mk64f12.o(.text)
    PIT1_IRQHandler                          0x000004e5   Thumb Code     0  startup_mk64f12.o(.text)
    PIT2_IRQHandler                          0x000004e5   Thumb Code     0  startup_mk64f12.o(.text)
    PIT3_IRQHandler                          0x000004e5   Thumb Code     0  startup_mk64f12.o(.text)
    PORTA_IRQHandler                         0x000004e5   Thumb Code     0  startup_mk64f12.o(.text)
    PORTB_IRQHandler                         0x000004e5   Thumb Code     0  startup_mk64f12.o(.text)
    PORTC_IRQHandler                         0x000004e5   Thumb Code     0  startup_mk64f12.o(.text)
    PORTD_IRQHandler                         0x000004e5   Thumb Code     0  startup_mk64f12.o(.text)
    PORTE_IRQHandler                         0x000004e5   Thumb Code     0  startup_mk64f12.o(.text)
    RNG_IRQHandler                           0x000004e5   Thumb Code     0  startup_mk64f12.o(.text)
    RTC_IRQHandler                           0x000004e5   Thumb Code     0  startup_mk64f12.o(.text)
    RTC_Seconds_IRQHandler                   0x000004e5   Thumb Code     0  startup_mk64f12.o(.text)
    Read_Collision_IRQHandler                0x000004e5   Thumb Code     0  startup_mk64f12.o(.text)
    Reserved71_IRQHandler                    0x000004e5   Thumb Code     0  startup_mk64f12.o(.text)
    SDHC_IRQHandler                          0x000004e5   Thumb Code     0  startup_mk64f12.o(.text)
    SPI0_IRQHandler                          0x000004e5   Thumb Code     0  startup_mk64f12.o(.text)
    SPI1_IRQHandler                          0x000004e5   Thumb Code     0  startup_mk64f12.o(.text)
    SPI2_IRQHandler                          0x000004e5   Thumb Code     0  startup_mk64f12.o(.text)
    SWI_IRQHandler                           0x000004e5   Thumb Code     0  startup_mk64f12.o(.text)
    UART0_ERR_IRQHandler                     0x000004e5   Thumb Code     0  startup_mk64f12.o(.text)
    UART0_LON_IRQHandler                     0x000004e5   Thumb Code     0  startup_mk64f12.o(.text)
    UART0_RX_TX_IRQHandler                   0x000004e5   Thumb Code     0  startup_mk64f12.o(.text)
    UART1_ERR_IRQHandler                     0x000004e5   Thumb Code     0  startup_mk64f12.o(.text)
    UART1_RX_TX_IRQHandler                   0x000004e5   Thumb Code     0  startup_mk64f12.o(.text)
    UART2_ERR_IRQHandler                     0x000004e5   Thumb Code     0  startup_mk64f12.o(.text)
    UART2_RX_TX_IRQHandler                   0x000004e5   Thumb Code     0  startup_mk64f12.o(.text)
    UART3_ERR_IRQHandler                     0x000004e5   Thumb Code     0  startup_mk64f12.o(.text)
    UART3_RX_TX_IRQHandler                   0x000004e5   Thumb Code     0  startup_mk64f12.o(.text)
    UART4_ERR_IRQHandler                     0x000004e5   Thumb Code     0  startup_mk64f12.o(.text)
    UART4_RX_TX_IRQHandler                   0x000004e5   Thumb Code     0  startup_mk64f12.o(.text)
    UART5_ERR_IRQHandler                     0x000004e5   Thumb Code     0  startup_mk64f12.o(.text)
    UART5_RX_TX_IRQHandler                   0x000004e5   Thumb Code     0  startup_mk64f12.o(.text)
    USB0_IRQHandler                          0x000004e5   Thumb Code     0  startup_mk64f12.o(.text)
    USBDCD_IRQHandler                        0x000004e5   Thumb Code     0  startup_mk64f12.o(.text)
    WDOG_EWM_IRQHandler                      0x000004e5   Thumb Code     0  startup_mk64f12.o(.text)
    malloc                                   0x000004f9   Thumb Code    94  h1_alloc.o(.text)
    free                                     0x00000557   Thumb Code    78  h1_free.o(.text)
    __aeabi_assert                           0x000005a5   Thumb Code    86  assert.o(.text)
    __assert                                 0x000005a5   Thumb Code     0  assert.o(.text)
    strlen                                   0x00000625   Thumb Code    62  strlen.o(.text)
    __aeabi_memcpy4                          0x00000663   Thumb Code     0  rt_memcpy_w.o(.text)
    __aeabi_memcpy8                          0x00000663   Thumb Code     0  rt_memcpy_w.o(.text)
    __rt_memcpy_w                            0x00000663   Thumb Code   100  rt_memcpy_w.o(.text)
    _memcpy_lastbytes_aligned                0x000006ab   Thumb Code     0  rt_memcpy_w.o(.text)
    __aeabi_memclr4                          0x000006c7   Thumb Code     0  rt_memclr_w.o(.text)
    __aeabi_memclr8                          0x000006c7   Thumb Code     0  rt_memclr_w.o(.text)
    __rt_memclr_w                            0x000006c7   Thumb Code    78  rt_memclr_w.o(.text)
    _memset_w                                0x000006cb   Thumb Code     0  rt_memclr_w.o(.text)
    __rt_heap_descriptor                     0x00000715   Thumb Code     8  rt_heap_descriptor_intlibspace.o(.text)
    __use_no_heap                            0x0000071d   Thumb Code     2  hguard.o(.text)
    __heap$guard                             0x0000071f   Thumb Code     2  hguard.o(.text)
    _terminate_user_alloc                    0x00000721   Thumb Code     2  init_alloc.o(.text)
    _init_user_alloc                         0x00000723   Thumb Code     2  init_alloc.o(.text)
    __Heap_Full                              0x00000725   Thumb Code    34  init_alloc.o(.text)
    __Heap_Broken                            0x00000747   Thumb Code     6  init_alloc.o(.text)
    _init_alloc                              0x0000074d   Thumb Code    94  init_alloc.o(.text)
    __Heap_Initialize                        0x000007ab   Thumb Code    10  h1_init.o(.text)
    __Heap_DescSize                          0x000007b5   Thumb Code     4  h1_init.o(.text)
    abort                                    0x000007b9   Thumb Code    22  abort.o(.text)
    __assert_puts                            0x000007cf   Thumb Code    20  assert_puts.o(.text)
    _ttywrch                                 0x000007e3   Thumb Code    14  sys_wrch.o(.text)
    _sys_exit                                0x000007f1   Thumb Code     8  sys_exit.o(.text)
    __Heap_ProvideMemory                     0x000007fd   Thumb Code    52  h1_extend.o(.text)
    __rt_SIGABRT                             0x00000831   Thumb Code    14  defsig_abrt_outer.o(.text)
    __rt_SIGRTMEM                            0x0000083f   Thumb Code    14  defsig_rtmem_outer.o(.text)
    __I$use$semihosting                      0x0000084d   Thumb Code     0  use_no_semi.o(.text)
    __use_no_semihosting_swi                 0x0000084d   Thumb Code     2  use_no_semi.o(.text)
    __semihosting_library_function           0x0000084f   Thumb Code     0  indicate_semi.o(.text)
    exit                                     0x0000084f   Thumb Code    18  exit.o(.text)
    __sig_exit                               0x00000861   Thumb Code    10  defsig_exit.o(.text)
    __rt_SIGABRT_inner                       0x0000086d   Thumb Code    14  defsig_abrt_inner.o(.text)
    __rt_SIGRTMEM_inner                      0x0000089d   Thumb Code    22  defsig_rtmem_inner.o(.text)
    __default_signal_display                 0x000008ed   Thumb Code    50  defsig_general.o(.text)
    BOARD_ClockInit                          0x00000921   Thumb Code    72  board.o(i.BOARD_ClockInit)
    BOARD_InitOsc0                           0x00000989   Thumb Code    20  board.o(i.BOARD_InitOsc0)
    BOARD_InitRtcOsc                         0x000009a1   Thumb Code    20  board.o(i.BOARD_InitRtcOsc)
    CLOCK_HAL_EnablePll0InFllMode            0x000009b9   Thumb Code    64  fsl_mcg_hal.o(i.CLOCK_HAL_EnablePll0InFllMode)
    CLOCK_HAL_GetFllClk                      0x00000a0d   Thumb Code    82  fsl_mcg_hal.o(i.CLOCK_HAL_GetFllClk)
    CLOCK_HAL_GetFllRefClk                   0x00000a61   Thumb Code    72  fsl_mcg_hal.o(i.CLOCK_HAL_GetFllRefClk)
    CLOCK_HAL_GetInternalRefClk              0x00000abd   Thumb Code    52  fsl_mcg_hal.o(i.CLOCK_HAL_GetInternalRefClk)
    CLOCK_HAL_GetMcgMode                     0x00000b27   Thumb Code   150  fsl_mcg_hal_modes.o(i.CLOCK_HAL_GetMcgMode)
    CLOCK_HAL_GetOutClk                      0x00000bbd   Thumb Code    78  fsl_mcg_hal.o(i.CLOCK_HAL_GetOutClk)
    CLOCK_HAL_GetPll0Clk                     0x00000c0b   Thumb Code    68  fsl_mcg_hal.o(i.CLOCK_HAL_GetPll0Clk)
    CLOCK_HAL_GetPll0RefFreq                 0x00000c4f   Thumb Code    12  fsl_mcg_hal.o(i.CLOCK_HAL_GetPll0RefFreq)
    CLOCK_HAL_SetFbeMode                     0x00000cbb   Thumb Code   228  fsl_mcg_hal_modes.o(i.CLOCK_HAL_SetFbeMode)
    CLOCK_HAL_SetFbiMode                     0x00000da1   Thumb Code   170  fsl_mcg_hal_modes.o(i.CLOCK_HAL_SetFbiMode)
    CLOCK_HAL_SetOsc0Mode                    0x00000e6d   Thumb Code    36  fsl_mcg_hal.o(i.CLOCK_HAL_SetOsc0Mode)
    CLOCK_HAL_SetOutDiv                      0x00000e91   Thumb Code    56  fsl_sim_hal_mk64f12.o(i.CLOCK_HAL_SetOutDiv)
    CLOCK_HAL_SetPbeMode                     0x00000ec9   Thumb Code   228  fsl_mcg_hal_modes.o(i.CLOCK_HAL_SetPbeMode)
    CLOCK_HAL_TestFllExternalRefFreq         0x00000fb1   Thumb Code    70  fsl_mcg_hal.o(i.CLOCK_HAL_TestFllExternalRefFreq)
    CLOCK_HAL_TestFllFreq                    0x00000ff9   Thumb Code    50  fsl_mcg_hal.o(i.CLOCK_HAL_TestFllFreq)
    CLOCK_HAL_TestOscFreq                    0x00001031   Thumb Code    38  fsl_mcg_hal.o(i.CLOCK_HAL_TestOscFreq)
    CLOCK_HAL_UpdateFastClkInternalRefDiv    0x00001065   Thumb Code   104  fsl_mcg_hal.o(i.CLOCK_HAL_UpdateFastClkInternalRefDiv)
    CLOCK_SYS_EnablePortClock                0x000010cd   Thumb Code    34  fsl_clock_mk64f12.o(i.CLOCK_SYS_EnablePortClock)
    CLOCK_SYS_EnableUartClock                0x00001139   Thumb Code    34  fsl_clock_mk64f12.o(i.CLOCK_SYS_EnableUartClock)
    CLOCK_SYS_GetBusClockFreq                0x000011c5   Thumb Code    26  fsl_clock_mk64f12.o(i.CLOCK_SYS_GetBusClockFreq)
    CLOCK_SYS_GetCoreClockFreq               0x000011e9   Thumb Code    24  fsl_clock_mk64f12.o(i.CLOCK_SYS_GetCoreClockFreq)
    CLOCK_SYS_GetSystemClockFreq             0x00001209   Thumb Code    24  fsl_clock_mk64f12.o(i.CLOCK_SYS_GetSystemClockFreq)
    CLOCK_SYS_GetUartFreq                    0x00001229   Thumb Code    46  fsl_clock_mk64f12.o(i.CLOCK_SYS_GetUartFreq)
    CLOCK_SYS_OscInit                        0x00001259   Thumb Code   160  fsl_clock_manager.o(i.CLOCK_SYS_OscInit)
    CLOCK_SYS_RtcOscInit                     0x00001329   Thumb Code   204  fsl_clock_manager.o(i.CLOCK_SYS_RtcOscInit)
    CLOCK_SYS_SetConfiguration               0x00001425   Thumb Code    72  fsl_clock_mk64f12.o(i.CLOCK_SYS_SetConfiguration)
    CLOCK_SYS_SetMcgMode                     0x0000148d   Thumb Code   340  fsl_clock_manager.o(i.CLOCK_SYS_SetMcgMode)
    CLOCK_SYS_SetOscerConfigration           0x0000162d   Thumb Code    32  fsl_clock_manager.o(i.CLOCK_SYS_SetOscerConfigration)
    DMA0_IRQHandler                          0x00001691   Thumb Code    10  fsl_edma_irq.o(i.DMA0_IRQHandler)
    DMA10_IRQHandler                         0x0000169b   Thumb Code    10  fsl_edma_irq.o(i.DMA10_IRQHandler)
    DMA11_IRQHandler                         0x000016a5   Thumb Code    10  fsl_edma_irq.o(i.DMA11_IRQHandler)
    DMA12_IRQHandler                         0x000016af   Thumb Code    10  fsl_edma_irq.o(i.DMA12_IRQHandler)
    DMA13_IRQHandler                         0x000016b9   Thumb Code    10  fsl_edma_irq.o(i.DMA13_IRQHandler)
    DMA14_IRQHandler                         0x000016c3   Thumb Code    10  fsl_edma_irq.o(i.DMA14_IRQHandler)
    DMA15_IRQHandler                         0x000016cd   Thumb Code    10  fsl_edma_irq.o(i.DMA15_IRQHandler)
    DMA1_IRQHandler                          0x000016d7   Thumb Code    10  fsl_edma_irq.o(i.DMA1_IRQHandler)
    DMA2_IRQHandler                          0x000016e1   Thumb Code    10  fsl_edma_irq.o(i.DMA2_IRQHandler)
    DMA3_IRQHandler                          0x000016eb   Thumb Code    10  fsl_edma_irq.o(i.DMA3_IRQHandler)
    DMA4_IRQHandler                          0x000016f5   Thumb Code    10  fsl_edma_irq.o(i.DMA4_IRQHandler)
    DMA5_IRQHandler                          0x000016ff   Thumb Code    10  fsl_edma_irq.o(i.DMA5_IRQHandler)
    DMA6_IRQHandler                          0x00001709   Thumb Code    10  fsl_edma_irq.o(i.DMA6_IRQHandler)
    DMA7_IRQHandler                          0x00001713   Thumb Code    10  fsl_edma_irq.o(i.DMA7_IRQHandler)
    DMA8_IRQHandler                          0x0000171d   Thumb Code    10  fsl_edma_irq.o(i.DMA8_IRQHandler)
    DMA9_IRQHandler                          0x00001727   Thumb Code    10  fsl_edma_irq.o(i.DMA9_IRQHandler)
    DbgConsole_Init                          0x00001785   Thumb Code   172  fsl_debug_console.o(i.DbgConsole_Init)
    EDMA_DRV_IRQHandler                      0x00001969   Thumb Code    38  fsl_edma_driver.o(i.EDMA_DRV_IRQHandler)
    EDMA_DRV_InstallCallback                 0x00001995   Thumb Code    10  fsl_edma_driver.o(i.EDMA_DRV_InstallCallback)
    EDMA_DRV_PushDescriptorToReg             0x000019d9   Thumb Code    46  fsl_edma_driver.o(i.EDMA_DRV_PushDescriptorToReg)
    EDMA_DRV_RequestChannel                  0x00001a0d   Thumb Code   160  fsl_edma_driver.o(i.EDMA_DRV_RequestChannel)
    EDMA_DRV_StartChannel                    0x00001ab1   Thumb Code    36  fsl_edma_driver.o(i.EDMA_DRV_StartChannel)
    EDMA_HAL_HTCDClearReg                    0x00001ad9   Thumb Code   114  fsl_edma_hal.o(i.EDMA_HAL_HTCDClearReg)
    EDMA_HAL_PushSTCDToHTCD                  0x00001b4d   Thumb Code   176  fsl_edma_hal.o(i.EDMA_HAL_PushSTCDToHTCD)
    EDMA_HAL_STCDSetAttribute                0x00001c35   Thumb Code    70  fsl_edma_hal.o(i.EDMA_HAL_STCDSetAttribute)
    EDMA_HAL_STCDSetBasicTransfer            0x00001cb5   Thumb Code   308  fsl_edma_hal.o(i.EDMA_HAL_STCDSetBasicTransfer)
    EDMA_HAL_STCDSetMajorCount               0x00001e99   Thumb Code    66  fsl_edma_hal.o(i.EDMA_HAL_STCDSetMajorCount)
    EDMA_HAL_STCDSetNbytes                   0x00001ee9   Thumb Code    66  fsl_edma_hal.o(i.EDMA_HAL_STCDSetNbytes)
    EDMA_HAL_STCDSetScatterGatherLink        0x00001f69   Thumb Code    80  fsl_edma_hal.o(i.EDMA_HAL_STCDSetScatterGatherLink)
    EDMA_HAL_SetDmaRequestCmd                0x00001fdd   Thumb Code    10  fsl_edma_hal.o(i.EDMA_HAL_SetDmaRequestCmd)
    EDMA_HAL_SetErrorIntCmd                  0x00001fe7   Thumb Code    10  fsl_edma_hal.o(i.EDMA_HAL_SetErrorIntCmd)
    GPIO_HAL_SetPinDir                       0x00002055   Thumb Code    52  fsl_gpio_hal.o(i.GPIO_HAL_SetPinDir)
    I2C0_IRQHandler                          0x00002101   Thumb Code    10  i2c_mk64f.o(i.I2C0_IRQHandler)
    I2C1_IRQHandler                          0x000021f1   Thumb Code    10  i2c_mk64f.o(i.I2C1_IRQHandler)
    I2C2_IRQHandler                          0x000022e1   Thumb Code    10  i2c_mk64f.o(i.I2C2_IRQHandler)
    I2C_HAL_Init                             0x000025e3   Thumb Code    30  fsl_i2c_hal.o(i.I2C_HAL_Init)
    I2C_HAL_SendStart                        0x00002639   Thumb Code    36  fsl_i2c_hal.o(i.I2C_HAL_SendStart)
    I2C_HAL_SendStop                         0x0000265d   Thumb Code    74  fsl_i2c_hal.o(i.I2C_HAL_SendStop)
    I2C_HAL_SetAddress10bit                  0x000026c9   Thumb Code    34  fsl_i2c_hal.o(i.I2C_HAL_SetAddress10bit)
    I2C_HAL_SetAddress7bit                   0x000026eb   Thumb Code    20  fsl_i2c_hal.o(i.I2C_HAL_SetAddress7bit)
    I2C_HAL_SetBaudRate                      0x00002701   Thumb Code   162  fsl_i2c_hal.o(i.I2C_HAL_SetBaudRate)
    OSC_HAL_SetCapacitor                     0x0000326f   Thumb Code    12  fsl_osc_hal.o(i.OSC_HAL_SetCapacitor)
    SystemCoreClockUpdate                    0x000033d9   Thumb Code   426  system_mk64f12.o(i.SystemCoreClockUpdate)
    SystemInit                               0x0000359d   Thumb Code    34  system_mk64f12.o(i.SystemInit)
    UART_HAL_Getchar                         0x000035c9   Thumb Code    12  fsl_uart_hal.o(i.UART_HAL_Getchar)
    UART_HAL_Putchar                         0x000035d5   Thumb Code    10  fsl_uart_hal.o(i.UART_HAL_Putchar)
    UART_HAL_ReceiveDataPolling              0x000035df   Thumb Code    86  fsl_uart_hal.o(i.UART_HAL_ReceiveDataPolling)
    UART_HAL_SendDataPolling                 0x00003635   Thumb Code    46  fsl_uart_hal.o(i.UART_HAL_SendDataPolling)
    UART_HAL_SetBaudRate                     0x00003663   Thumb Code    68  fsl_uart_hal.o(i.UART_HAL_SetBaudRate)
    UART_HAL_SetParityMode                   0x000036a7   Thumb Code    28  fsl_uart_hal.o(i.UART_HAL_SetParityMode)
    _doprint                                 0x000036c5   Thumb Code  1380  print_scan.o(i._doprint)
    configure_uart_pins                      0x00003c29   Thumb Code    62  pin_mux.o(i.configure_uart_pins)
    dbg_uart_init                            0x00003c71   Thumb Code    22  board.o(i.dbg_uart_init)
    debug_printf                             0x00003c89   Thumb Code    52  fsl_debug_console.o(i.debug_printf)
    hardware_init                            0x00003d21   Thumb Code    30  hardware_init.o(i.hardware_init)
    initADC                                  0x00003d41   Thumb Code    62  adc.o(i.initADC)
    init_data_bss                            0x00003d8d   Thumb Code    54  startup.o(i.init_data_bss)
    main                                     0x00003dd5   Thumb Code   164  main.o(i.main)
    _fp_init                                 0x00003f33   Thumb Code    10  fpinit.o(x$fpl$fpinit)
    __fplib_config_fpu_vfp                   0x00003f3b   Thumb Code     0  fpinit.o(x$fpl$fpinit)
    __fplib_config_pureend_doubles           0x00003f3b   Thumb Code     0  fpinit.o(x$fpl$fpinit)
    Driver_I2C0                              0x00003fbc   Data          48  i2c_mk64f.o(.constdata)
    Driver_I2C1                              0x00003fec   Data          48  i2c_mk64f.o(.constdata)
    Driver_I2C2                              0x0000401c   Data          48  i2c_mk64f.o(.constdata)
    g_defaultClockConfigVlpr                 0x0000404c   Data          22  board.o(.constdata)
    g_defaultClockConfigRun                  0x00004062   Data          22  board.o(.constdata)
    g_edmaBase                               0x00004094   Data           4  fsl_edma_common.o(.constdata)
    g_dmamuxBase                             0x00004098   Data           4  fsl_edma_common.o(.constdata)
    g_edmaIrqId                              0x0000409c   Data          16  fsl_edma_common.o(.constdata)
    g_edmaErrIrqId                           0x000040ac   Data           1  fsl_edma_common.o(.constdata)
    g_rtcBase                                0x000040b0   Data           4  fsl_rtc_common.o(.constdata)
    g_rtcIrqId                               0x000040b4   Data           1  fsl_rtc_common.o(.constdata)
    g_rtcSecondsIrqId                        0x000040b5   Data           1  fsl_rtc_common.o(.constdata)
    kI2CDividerTable                         0x000040b6   Data         200  fsl_i2c_hal.o(.constdata)
    g_simBase                                0x000041c8   Data           4  fsl_clock_manager_common.o(.constdata)
    g_mcgBase                                0x000041cc   Data           4  fsl_clock_manager_common.o(.constdata)
    g_oscBase                                0x000041d0   Data           4  fsl_clock_manager_common.o(.constdata)
    Region$$Table$$Base                      0x000044f4   Number         0  anon$$obj.o(Region$$Table)
    Region$$Table$$Limit                     0x00004514   Number         0  anon$$obj.o(Region$$Table)
    Image$$RW_m_data$$Base                   0x1fff0000   Number         0  anon$$obj.o ABSOLUTE
    g_edma                                   0x20000000   Data           4  fsl_edma_driver.o(.data)
    g_xtal0ClkFreq                           0x20000004   Data           4  fsl_mcg_hal.o(.data)
    g_xtalRtcClkFreq                         0x20000008   Data           4  fsl_mcg_hal.o(.data)
    g_fastInternalRefClkFreq                 0x2000000c   Data           4  fsl_mcg_hal.o(.data)
    g_slowInternalRefClkFreq                 0x20000010   Data           4  fsl_mcg_hal.o(.data)
    SystemCoreClock                          0x20000014   Data           4  system_mk64f12.o(.data)
    __libspace_start                         0x20000088   Data          96  libspace.o(.bss)
    Image$$ARM_LIB_HEAP$$ZI$$Base            0x200000e8   Number         0  anon$$obj.o ABSOLUTE
    __temporary_stack_top$libspace           0x200000e8   Data           0  libspace.o(.bss)
    Image$$ARM_LIB_HEAP$$ZI$$Limit           0x200100e8   Number         0  anon$$obj.o ABSOLUTE
    Image$$ARM_LIB_STACK$$ZI$$Limit          0x20030000   Number         0  anon$$obj.o ABSOLUTE



==============================================================================

Memory Map of the image

  Image Entry point : 0x00000411

  Load Region LR_m_text (Base: 0x00000410, Size: 0x0000411c, Max: 0x000ffbf0, ABSOLUTE)

    Execution Region ER_m_text (Exec base: 0x00000410, Load base: 0x00000410, Size: 0x00004104, Max: 0x000ffbf0, ABSOLUTE)

    Exec Addr    Load Addr    Size         Type   Attr      Idx    E Section Name        Object

    0x00000410   0x00000410   0x00000008   Code   RO         4072  * !!!main             c_w.l(__main.o)
    0x00000418   0x00000418   0x00000034   Code   RO         4304    !!!scatter          c_w.l(__scatter.o)
    0x0000044c   0x0000044c   0x0000001a   Code   RO         4306    !!handler_copy      c_w.l(__scatter_copy.o)
    0x00000466   0x00000466   0x00000002   PAD
    0x00000468   0x00000468   0x0000001c   Code   RO         4308    !!handler_zi        c_w.l(__scatter_zi.o)
    0x00000484   0x00000484   0x00000002   Code   RO         4243    .ARM.Collect$$libinit$$00000000  c_w.l(libinit.o)
    0x00000486   0x00000486   0x00000004   Code   RO         4112    .ARM.Collect$$libinit$$00000001  c_w.l(libinit2.o)
    0x0000048a   0x0000048a   0x00000000   Code   RO         4115    .ARM.Collect$$libinit$$00000004  c_w.l(libinit2.o)
    0x0000048a   0x0000048a   0x00000008   Code   RO         4258    .ARM.Collect$$libinit$$00000008  c_w.l(libinit5.o)
    0x00000492   0x00000492   0x00000000   Code   RO         4118    .ARM.Collect$$libinit$$0000000A  c_w.l(libinit2.o)
    0x00000492   0x00000492   0x00000000   Code   RO         4120    .ARM.Collect$$libinit$$0000000C  c_w.l(libinit2.o)
    0x00000492   0x00000492   0x00000000   Code   RO         4122    .ARM.Collect$$libinit$$0000000E  c_w.l(libinit2.o)
    0x00000492   0x00000492   0x00000000   Code   RO         4125    .ARM.Collect$$libinit$$00000011  c_w.l(libinit2.o)
    0x00000492   0x00000492   0x00000000   Code   RO         4127    .ARM.Collect$$libinit$$00000013  c_w.l(libinit2.o)
    0x00000492   0x00000492   0x00000000   Code   RO         4129    .ARM.Collect$$libinit$$00000015  c_w.l(libinit2.o)
    0x00000492   0x00000492   0x00000000   Code   RO         4131    .ARM.Collect$$libinit$$00000017  c_w.l(libinit2.o)
    0x00000492   0x00000492   0x00000000   Code   RO         4133    .ARM.Collect$$libinit$$00000019  c_w.l(libinit2.o)
    0x00000492   0x00000492   0x00000000   Code   RO         4135    .ARM.Collect$$libinit$$0000001B  c_w.l(libinit2.o)
    0x00000492   0x00000492   0x00000000   Code   RO         4137    .ARM.Collect$$libinit$$0000001D  c_w.l(libinit2.o)
    0x00000492   0x00000492   0x00000000   Code   RO         4139    .ARM.Collect$$libinit$$0000001F  c_w.l(libinit2.o)
    0x00000492   0x00000492   0x00000000   Code   RO         4141    .ARM.Collect$$libinit$$00000021  c_w.l(libinit2.o)
    0x00000492   0x00000492   0x00000000   Code   RO         4143    .ARM.Collect$$libinit$$00000023  c_w.l(libinit2.o)
    0x00000492   0x00000492   0x00000000   Code   RO         4145    .ARM.Collect$$libinit$$00000025  c_w.l(libinit2.o)
    0x00000492   0x00000492   0x00000000   Code   RO         4149    .ARM.Collect$$libinit$$0000002C  c_w.l(libinit2.o)
    0x00000492   0x00000492   0x00000000   Code   RO         4151    .ARM.Collect$$libinit$$0000002E  c_w.l(libinit2.o)
    0x00000492   0x00000492   0x00000000   Code   RO         4153    .ARM.Collect$$libinit$$00000030  c_w.l(libinit2.o)
    0x00000492   0x00000492   0x00000000   Code   RO         4155    .ARM.Collect$$libinit$$00000032  c_w.l(libinit2.o)
    0x00000492   0x00000492   0x00000002   Code   RO         4156    .ARM.Collect$$libinit$$00000033  c_w.l(libinit2.o)
    0x00000494   0x00000494   0x00000008   Code   RO         4259    .ARM.Collect$$libinit$$00002719  c_w.l(libinit5.o)
    0x0000049c   0x0000049c   0x00000002   Code   RO         4301    .ARM.Collect$$libshutdown$$00000000  c_w.l(libshutdown.o)
    0x0000049e   0x0000049e   0x00000000   Code   RO         4263    .ARM.Collect$$libshutdown$$00000002  c_w.l(libshutdown2.o)
    0x0000049e   0x0000049e   0x00000000   Code   RO         4265    .ARM.Collect$$libshutdown$$00000004  c_w.l(libshutdown2.o)
    0x0000049e   0x0000049e   0x00000000   Code   RO         4268    .ARM.Collect$$libshutdown$$00000007  c_w.l(libshutdown2.o)
    0x0000049e   0x0000049e   0x00000000   Code   RO         4271    .ARM.Collect$$libshutdown$$0000000A  c_w.l(libshutdown2.o)
    0x0000049e   0x0000049e   0x00000000   Code   RO         4273    .ARM.Collect$$libshutdown$$0000000C  c_w.l(libshutdown2.o)
    0x0000049e   0x0000049e   0x00000000   Code   RO         4276    .ARM.Collect$$libshutdown$$0000000F  c_w.l(libshutdown2.o)
    0x0000049e   0x0000049e   0x00000002   Code   RO         4277    .ARM.Collect$$libshutdown$$00000010  c_w.l(libshutdown2.o)
    0x000004a0   0x000004a0   0x00000000   Code   RO         4076    .ARM.Collect$$rtentry$$00000000  c_w.l(__rtentry.o)
    0x000004a0   0x000004a0   0x00000000   Code   RO         4167    .ARM.Collect$$rtentry$$00000002  c_w.l(__rtentry2.o)
    0x000004a0   0x000004a0   0x00000004   Code   RO         4181    .ARM.Collect$$rtentry$$00000007  c_w.l(__rtentry7.o)
    0x000004a4   0x000004a4   0x00000000   Code   RO         4169    .ARM.Collect$$rtentry$$00000009  c_w.l(__rtentry2.o)
    0x000004a4   0x000004a4   0x00000004   Code   RO         4170    .ARM.Collect$$rtentry$$0000000A  c_w.l(__rtentry2.o)
    0x000004a8   0x000004a8   0x00000000   Code   RO         4172    .ARM.Collect$$rtentry$$0000000C  c_w.l(__rtentry2.o)
    0x000004a8   0x000004a8   0x00000008   Code   RO         4173    .ARM.Collect$$rtentry$$0000000D  c_w.l(__rtentry2.o)
    0x000004b0   0x000004b0   0x00000004   Code   RO         4182    .ARM.Collect$$rtentry$$00002718  c_w.l(__rtentry7.o)
    0x000004b4   0x000004b4   0x00000002   Code   RO         4246    .ARM.Collect$$rtexit$$00000000  c_w.l(rtexit.o)
    0x000004b6   0x000004b6   0x00000000   Code   RO         4279    .ARM.Collect$$rtexit$$00000002  c_w.l(rtexit2.o)
    0x000004b6   0x000004b6   0x00000004   Code   RO         4280    .ARM.Collect$$rtexit$$00000003  c_w.l(rtexit2.o)
    0x000004ba   0x000004ba   0x00000006   Code   RO         4281    .ARM.Collect$$rtexit$$00000004  c_w.l(rtexit2.o)
    0x000004c0   0x000004c0   0x00000000   Code   RO         4190    .emb_text           c_w.l(maybetermalloc1.o)
    0x000004c0   0x000004c0   0x00000038   Code   RO         3954    .text               startup_mk64f12.o
    0x000004f8   0x000004f8   0x0000005e   Code   RO         4002    .text               c_w.l(h1_alloc.o)
    0x00000556   0x00000556   0x0000004e   Code   RO         4004    .text               c_w.l(h1_free.o)
    0x000005a4   0x000005a4   0x00000080   Code   RO         4062    .text               c_w.l(assert.o)
    0x00000624   0x00000624   0x0000003e   Code   RO         4064    .text               c_w.l(strlen.o)
    0x00000662   0x00000662   0x00000064   Code   RO         4066    .text               c_w.l(rt_memcpy_w.o)
    0x000006c6   0x000006c6   0x0000004e   Code   RO         4070    .text               c_w.l(rt_memclr_w.o)
    0x00000714   0x00000714   0x00000008   Code   RO         4084    .text               c_w.l(rt_heap_descriptor_intlibspace.o)
    0x0000071c   0x0000071c   0x00000004   Code   RO         4086    .text               c_w.l(hguard.o)
    0x00000720   0x00000720   0x0000008a   Code   RO         4088    .text               c_w.l(init_alloc.o)
    0x000007aa   0x000007aa   0x0000000e   Code   RO         4092    .text               c_w.l(h1_init.o)
    0x000007b8   0x000007b8   0x00000016   Code   RO         4106    .text               c_w.l(abort.o)
    0x000007ce   0x000007ce   0x00000014   Code   RO         4108    .text               c_w.l(assert_puts.o)
    0x000007e2   0x000007e2   0x0000000e   Code   RO         4157    .text               c_w.l(sys_wrch.o)
    0x000007f0   0x000007f0   0x0000000c   Code   RO         4161    .text               c_w.l(sys_exit.o)
    0x000007fc   0x000007fc   0x00000034   Code   RO         4192    .text               c_w.l(h1_extend.o)
    0x00000830   0x00000830   0x0000000e   Code   RO         4196    .text               c_w.l(defsig_abrt_outer.o)
    0x0000083e   0x0000083e   0x0000000e   Code   RO         4200    .text               c_w.l(defsig_rtmem_outer.o)
    0x0000084c   0x0000084c   0x00000002   Code   RO         4213    .text               c_w.l(use_no_semi.o)
    0x0000084e   0x0000084e   0x00000000   Code   RO         4215    .text               c_w.l(indicate_semi.o)
    0x0000084e   0x0000084e   0x00000012   Code   RO         4222    .text               c_w.l(exit.o)
    0x00000860   0x00000860   0x0000000a   Code   RO         4224    .text               c_w.l(defsig_exit.o)
    0x0000086a   0x0000086a   0x00000002   PAD
    0x0000086c   0x0000086c   0x00000030   Code   RO         4226    .text               c_w.l(defsig_abrt_inner.o)
    0x0000089c   0x0000089c   0x00000050   Code   RO         4232    .text               c_w.l(defsig_rtmem_inner.o)
    0x000008ec   0x000008ec   0x00000032   Code   RO         4254    .text               c_w.l(defsig_general.o)
    0x0000091e   0x0000091e   0x00000002   PAD
    0x00000920   0x00000920   0x00000068   Code   RO          594    i.BOARD_ClockInit   board.o
    0x00000988   0x00000988   0x00000018   Code   RO          595    i.BOARD_InitOsc0    board.o
    0x000009a0   0x000009a0   0x00000018   Code   RO          596    i.BOARD_InitRtcOsc  board.o
    0x000009b8   0x000009b8   0x00000040   Code   RO         2192    i.CLOCK_HAL_EnablePll0InFllMode  fsl_mcg_hal.o
    0x000009f8   0x000009f8   0x0000000a   Code   RO         2338    i.CLOCK_HAL_GetClkOutStat  fsl_mcg_hal_modes.o
    0x00000a02   0x00000a02   0x0000000a   Code   RO         3592    i.CLOCK_HAL_GetClkOutStat  fsl_clock_manager.o
    0x00000a0c   0x00000a0c   0x00000052   Code   RO         2196    i.CLOCK_HAL_GetFllClk  fsl_mcg_hal.o
    0x00000a5e   0x00000a5e   0x00000002   PAD
    0x00000a60   0x00000a60   0x0000004c   Code   RO         2197    i.CLOCK_HAL_GetFllRefClk  fsl_mcg_hal.o
    0x00000aac   0x00000aac   0x0000000e   Code   RO         2339    i.CLOCK_HAL_GetFllSrc  fsl_mcg_hal_modes.o
    0x00000aba   0x00000aba   0x00000002   PAD
    0x00000abc   0x00000abc   0x0000003c   Code   RO         2198    i.CLOCK_HAL_GetInternalRefClk  fsl_mcg_hal.o
    0x00000af8   0x00000af8   0x0000000e   Code   RO         2199    i.CLOCK_HAL_GetInternalRefClkMode  fsl_mcg_hal.o
    0x00000b06   0x00000b06   0x0000000e   Code   RO         2340    i.CLOCK_HAL_GetInternalRefClkMode  fsl_mcg_hal_modes.o
    0x00000b14   0x00000b14   0x00000012   Code   RO         2200    i.CLOCK_HAL_GetMcgExternalClkFreq  fsl_mcg_hal.o
    0x00000b26   0x00000b26   0x00000096   Code   RO         2341    i.CLOCK_HAL_GetMcgMode  fsl_mcg_hal_modes.o
    0x00000bbc   0x00000bbc   0x0000004e   Code   RO         2201    i.CLOCK_HAL_GetOutClk  fsl_mcg_hal.o
    0x00000c0a   0x00000c0a   0x00000044   Code   RO         2202    i.CLOCK_HAL_GetPll0Clk  fsl_mcg_hal.o
    0x00000c4e   0x00000c4e   0x0000000c   Code   RO         2203    i.CLOCK_HAL_GetPll0RefFreq  fsl_mcg_hal.o
    0x00000c5a   0x00000c5a   0x00000016   Code   RO         2342    i.CLOCK_HAL_IsOsc0Stable  fsl_mcg_hal_modes.o
    0x00000c70   0x00000c70   0x00000016   Code   RO         2343    i.CLOCK_HAL_IsPllSelected  fsl_mcg_hal_modes.o
    0x00000c86   0x00000c86   0x0000002a   Code   RO         2344    i.CLOCK_HAL_PrepareOsc  fsl_mcg_hal_modes.o
    0x00000cb0   0x00000cb0   0x0000000a   Code   RO         3593    i.CLOCK_HAL_SetClkOutSrc  fsl_clock_manager.o
    0x00000cba   0x00000cba   0x000000e4   Code   RO         2347    i.CLOCK_HAL_SetFbeMode  fsl_mcg_hal_modes.o
    0x00000d9e   0x00000d9e   0x00000002   PAD
    0x00000da0   0x00000da0   0x000000b4   Code   RO         2348    i.CLOCK_HAL_SetFbiMode  fsl_mcg_hal_modes.o
    0x00000e54   0x00000e54   0x0000000c   Code   RO         2204    i.CLOCK_HAL_SetInternalRefClkMode  fsl_mcg_hal.o
    0x00000e60   0x00000e60   0x0000000c   Code   RO         3594    i.CLOCK_HAL_SetLowPowerModeCmd  fsl_clock_manager.o
    0x00000e6c   0x00000e6c   0x00000024   Code   RO         2205    i.CLOCK_HAL_SetOsc0Mode  fsl_mcg_hal.o
    0x00000e90   0x00000e90   0x00000038   Code   RO         2616    i.CLOCK_HAL_SetOutDiv  fsl_sim_hal_mk64f12.o
    0x00000ec8   0x00000ec8   0x000000e8   Code   RO         2351    i.CLOCK_HAL_SetPbeMode  fsl_mcg_hal_modes.o
    0x00000fb0   0x00000fb0   0x00000046   Code   RO         2206    i.CLOCK_HAL_TestFllExternalRefFreq  fsl_mcg_hal.o
    0x00000ff6   0x00000ff6   0x00000002   PAD
    0x00000ff8   0x00000ff8   0x00000038   Code   RO         2207    i.CLOCK_HAL_TestFllFreq  fsl_mcg_hal.o
    0x00001030   0x00001030   0x00000034   Code   RO         2208    i.CLOCK_HAL_TestOscFreq  fsl_mcg_hal.o
    0x00001064   0x00001064   0x00000068   Code   RO         2210    i.CLOCK_HAL_UpdateFastClkInternalRefDiv  fsl_mcg_hal.o
    0x000010cc   0x000010cc   0x0000006c   Code   RO         3275    i.CLOCK_SYS_EnablePortClock  fsl_clock_mk64f12.o
    0x00001138   0x00001138   0x0000006c   Code   RO         3277    i.CLOCK_SYS_EnableUartClock  fsl_clock_mk64f12.o
    0x000011a4   0x000011a4   0x0000001e   Code   RO         3278    i.CLOCK_SYS_FllStableDelay  fsl_clock_mk64f12.o
    0x000011c2   0x000011c2   0x00000002   PAD
    0x000011c4   0x000011c4   0x00000024   Code   RO         3280    i.CLOCK_SYS_GetBusClockFreq  fsl_clock_mk64f12.o
    0x000011e8   0x000011e8   0x00000020   Code   RO         3281    i.CLOCK_SYS_GetCoreClockFreq  fsl_clock_mk64f12.o
    0x00001208   0x00001208   0x00000020   Code   RO         3302    i.CLOCK_SYS_GetSystemClockFreq  fsl_clock_mk64f12.o
    0x00001228   0x00001228   0x0000002e   Code   RO         3304    i.CLOCK_SYS_GetUartFreq  fsl_clock_mk64f12.o
    0x00001256   0x00001256   0x00000002   PAD
    0x00001258   0x00001258   0x000000d0   Code   RO         3599    i.CLOCK_SYS_OscInit  fsl_clock_manager.o
    0x00001328   0x00001328   0x000000fc   Code   RO         3601    i.CLOCK_SYS_RtcOscInit  fsl_clock_manager.o
    0x00001424   0x00001424   0x00000068   Code   RO         3308    i.CLOCK_SYS_SetConfiguration  fsl_clock_mk64f12.o
    0x0000148c   0x0000148c   0x00000158   Code   RO         3602    i.CLOCK_SYS_SetMcgMode  fsl_clock_manager.o
    0x000015e4   0x000015e4   0x00000048   Code   RO         3603    i.CLOCK_SYS_SetMcgPeeToFbe  fsl_clock_manager.o
    0x0000162c   0x0000162c   0x00000024   Code   RO         3604    i.CLOCK_SYS_SetOscerConfigration  fsl_clock_manager.o
    0x00001650   0x00001650   0x00000040   Code   RO         3309    i.CLOCK_SYS_SetSimConfigration  fsl_clock_mk64f12.o
    0x00001690   0x00001690   0x0000000a   Code   RO         1219    i.DMA0_IRQHandler   fsl_edma_irq.o
    0x0000169a   0x0000169a   0x0000000a   Code   RO         1220    i.DMA10_IRQHandler  fsl_edma_irq.o
    0x000016a4   0x000016a4   0x0000000a   Code   RO         1221    i.DMA11_IRQHandler  fsl_edma_irq.o
    0x000016ae   0x000016ae   0x0000000a   Code   RO         1222    i.DMA12_IRQHandler  fsl_edma_irq.o
    0x000016b8   0x000016b8   0x0000000a   Code   RO         1223    i.DMA13_IRQHandler  fsl_edma_irq.o
    0x000016c2   0x000016c2   0x0000000a   Code   RO         1224    i.DMA14_IRQHandler  fsl_edma_irq.o
    0x000016cc   0x000016cc   0x0000000a   Code   RO         1225    i.DMA15_IRQHandler  fsl_edma_irq.o
    0x000016d6   0x000016d6   0x0000000a   Code   RO         1226    i.DMA1_IRQHandler   fsl_edma_irq.o
    0x000016e0   0x000016e0   0x0000000a   Code   RO         1227    i.DMA2_IRQHandler   fsl_edma_irq.o
    0x000016ea   0x000016ea   0x0000000a   Code   RO         1228    i.DMA3_IRQHandler   fsl_edma_irq.o
    0x000016f4   0x000016f4   0x0000000a   Code   RO         1229    i.DMA4_IRQHandler   fsl_edma_irq.o
    0x000016fe   0x000016fe   0x0000000a   Code   RO         1230    i.DMA5_IRQHandler   fsl_edma_irq.o
    0x00001708   0x00001708   0x0000000a   Code   RO         1231    i.DMA6_IRQHandler   fsl_edma_irq.o
    0x00001712   0x00001712   0x0000000a   Code   RO         1232    i.DMA7_IRQHandler   fsl_edma_irq.o
    0x0000171c   0x0000171c   0x0000000a   Code   RO         1233    i.DMA8_IRQHandler   fsl_edma_irq.o
    0x00001726   0x00001726   0x0000000a   Code   RO         1234    i.DMA9_IRQHandler   fsl_edma_irq.o
    0x00001730   0x00001730   0x00000054   Code   RO         1053    i.DMAMUX_HAL_SetChannelCmd  fsl_edma_driver.o
    0x00001784   0x00001784   0x000000bc   Code   RO         3796    i.DbgConsole_Init   fsl_debug_console.o
    0x00001840   0x00001840   0x000000f4   Code   RO         1054    i.EDMA_DRV_ClaimChannel  fsl_edma_driver.o
    0x00001934   0x00001934   0x00000034   Code   RO         1055    i.EDMA_DRV_ClearIntStatus  fsl_edma_driver.o
    0x00001968   0x00001968   0x0000002c   Code   RO         1060    i.EDMA_DRV_IRQHandler  fsl_edma_driver.o
    0x00001994   0x00001994   0x0000000a   Code   RO         1062    i.EDMA_DRV_InstallCallback  fsl_edma_driver.o
    0x0000199e   0x0000199e   0x00000002   PAD
    0x000019a0   0x000019a0   0x00000038   Code   RO          146    i.EDMA_DRV_PrepareDescriptorTransfer  i2c_mk64f.o
    0x000019d8   0x000019d8   0x00000034   Code   RO         1065    i.EDMA_DRV_PushDescriptorToReg  fsl_edma_driver.o
    0x00001a0c   0x00001a0c   0x000000a4   Code   RO         1067    i.EDMA_DRV_RequestChannel  fsl_edma_driver.o
    0x00001ab0   0x00001ab0   0x00000028   Code   RO         1068    i.EDMA_DRV_StartChannel  fsl_edma_driver.o
    0x00001ad8   0x00001ad8   0x00000072   Code   RO         1794    i.EDMA_HAL_HTCDClearReg  fsl_edma_hal.o
    0x00001b4a   0x00001b4a   0x00000002   PAD
    0x00001b4c   0x00001b4c   0x000000e8   Code   RO         1807    i.EDMA_HAL_PushSTCDToHTCD  fsl_edma_hal.o
    0x00001c34   0x00001c34   0x00000054   Code   RO         1808    i.EDMA_HAL_STCDSetAttribute  fsl_edma_hal.o
    0x00001c88   0x00001c88   0x0000002c   Code   RO          147    i.EDMA_HAL_STCDSetBandwidth  i2c_mk64f.o
    0x00001cb4   0x00001cb4   0x00000148   Code   RO         1809    i.EDMA_HAL_STCDSetBasicTransfer  fsl_edma_hal.o
    0x00001dfc   0x00001dfc   0x0000003c   Code   RO          148    i.EDMA_HAL_STCDSetChannelMajorLink  i2c_mk64f.o
    0x00001e38   0x00001e38   0x00000030   Code   RO          149    i.EDMA_HAL_STCDSetDisableDmaRequestAfterTCDDoneCmd  i2c_mk64f.o
    0x00001e68   0x00001e68   0x00000030   Code   RO          150    i.EDMA_HAL_STCDSetHalfCompleteIntCmd  i2c_mk64f.o
    0x00001e98   0x00001e98   0x00000050   Code   RO         1811    i.EDMA_HAL_STCDSetMajorCount  fsl_edma_hal.o
    0x00001ee8   0x00001ee8   0x00000050   Code   RO         1813    i.EDMA_HAL_STCDSetNbytes  fsl_edma_hal.o
    0x00001f38   0x00001f38   0x00000030   Code   RO          151    i.EDMA_HAL_STCDSetScatterGatherCmd  i2c_mk64f.o
    0x00001f68   0x00001f68   0x00000074   Code   RO         1814    i.EDMA_HAL_STCDSetScatterGatherLink  fsl_edma_hal.o
    0x00001fdc   0x00001fdc   0x0000000a   Code   RO         1815    i.EDMA_HAL_SetDmaRequestCmd  fsl_edma_hal.o
    0x00001fe6   0x00001fe6   0x0000000a   Code   RO         1816    i.EDMA_HAL_SetErrorIntCmd  fsl_edma_hal.o
    0x00001ff0   0x00001ff0   0x00000030   Code   RO          152    i.GPIO_HAL_ClearPinOutput  i2c_mk64f.o
    0x00002020   0x00002020   0x00000034   Code   RO          153    i.GPIO_HAL_ReadPinInput  i2c_mk64f.o
    0x00002054   0x00002054   0x00000044   Code   RO         1969    i.GPIO_HAL_SetPinDir  fsl_gpio_hal.o
    0x00002098   0x00002098   0x00000030   Code   RO          154    i.GPIO_HAL_SetPinOutput  i2c_mk64f.o
    0x000020c8   0x000020c8   0x00000018   Code   RO          155    i.I2C0_Control      i2c_mk64f.o
    0x000020e0   0x000020e0   0x00000010   Code   RO          156    i.I2C0_GetDataCount  i2c_mk64f.o
    0x000020f0   0x000020f0   0x00000010   Code   RO          157    i.I2C0_GetStatus    i2c_mk64f.o
    0x00002100   0x00002100   0x00000010   Code   RO          158    i.I2C0_IRQHandler   i2c_mk64f.o
    0x00002110   0x00002110   0x00000014   Code   RO          159    i.I2C0_Initialize   i2c_mk64f.o
    0x00002124   0x00002124   0x00000020   Code   RO          160    i.I2C0_MasterReceive  i2c_mk64f.o
    0x00002144   0x00002144   0x00000020   Code   RO          161    i.I2C0_MasterTransmit  i2c_mk64f.o
    0x00002164   0x00002164   0x00000014   Code   RO          162    i.I2C0_PowerControl  i2c_mk64f.o
    0x00002178   0x00002178   0x00000018   Code   RO          163    i.I2C0_SlaveReceive  i2c_mk64f.o
    0x00002190   0x00002190   0x00000018   Code   RO          164    i.I2C0_SlaveTransmit  i2c_mk64f.o
    0x000021a8   0x000021a8   0x00000010   Code   RO          165    i.I2C0_Uninitialize  i2c_mk64f.o
    0x000021b8   0x000021b8   0x00000018   Code   RO          166    i.I2C1_Control      i2c_mk64f.o
    0x000021d0   0x000021d0   0x00000010   Code   RO          167    i.I2C1_GetDataCount  i2c_mk64f.o
    0x000021e0   0x000021e0   0x00000010   Code   RO          168    i.I2C1_GetStatus    i2c_mk64f.o
    0x000021f0   0x000021f0   0x00000010   Code   RO          169    i.I2C1_IRQHandler   i2c_mk64f.o
    0x00002200   0x00002200   0x00000014   Code   RO          170    i.I2C1_Initialize   i2c_mk64f.o
    0x00002214   0x00002214   0x00000020   Code   RO          171    i.I2C1_MasterReceive  i2c_mk64f.o
    0x00002234   0x00002234   0x00000020   Code   RO          172    i.I2C1_MasterTransmit  i2c_mk64f.o
    0x00002254   0x00002254   0x00000014   Code   RO          173    i.I2C1_PowerControl  i2c_mk64f.o
    0x00002268   0x00002268   0x00000018   Code   RO          174    i.I2C1_SlaveReceive  i2c_mk64f.o
    0x00002280   0x00002280   0x00000018   Code   RO          175    i.I2C1_SlaveTransmit  i2c_mk64f.o
    0x00002298   0x00002298   0x00000010   Code   RO          176    i.I2C1_Uninitialize  i2c_mk64f.o
    0x000022a8   0x000022a8   0x00000018   Code   RO          177    i.I2C2_Control      i2c_mk64f.o
    0x000022c0   0x000022c0   0x00000010   Code   RO          178    i.I2C2_GetDataCount  i2c_mk64f.o
    0x000022d0   0x000022d0   0x00000010   Code   RO          179    i.I2C2_GetStatus    i2c_mk64f.o
    0x000022e0   0x000022e0   0x00000010   Code   RO          180    i.I2C2_IRQHandler   i2c_mk64f.o
    0x000022f0   0x000022f0   0x00000014   Code   RO          181    i.I2C2_Initialize   i2c_mk64f.o
    0x00002304   0x00002304   0x00000020   Code   RO          182    i.I2C2_MasterReceive  i2c_mk64f.o
    0x00002324   0x00002324   0x00000020   Code   RO          183    i.I2C2_MasterTransmit  i2c_mk64f.o
    0x00002344   0x00002344   0x00000014   Code   RO          184    i.I2C2_PowerControl  i2c_mk64f.o
    0x00002358   0x00002358   0x00000018   Code   RO          185    i.I2C2_SlaveReceive  i2c_mk64f.o
    0x00002370   0x00002370   0x00000018   Code   RO          186    i.I2C2_SlaveTransmit  i2c_mk64f.o
    0x00002388   0x00002388   0x00000010   Code   RO          187    i.I2C2_Uninitialize  i2c_mk64f.o
    0x00002398   0x00002398   0x0000000c   Code   RO          188    i.I2CX_GetCapabilities  i2c_mk64f.o
    0x000023a4   0x000023a4   0x00000010   Code   RO          189    i.I2CX_GetVersion   i2c_mk64f.o
    0x000023b4   0x000023b4   0x000001f4   Code   RO          190    i.I2C_Control       i2c_mk64f.o
    0x000025a8   0x000025a8   0x00000014   Code   RO          191    i.I2C_GetDataCount  i2c_mk64f.o
    0x000025bc   0x000025bc   0x00000008   Code   RO          192    i.I2C_GetStatus     i2c_mk64f.o
    0x000025c4   0x000025c4   0x00000006   Code   RO          193    i.I2C_HAL_ClearInt  i2c_mk64f.o
    0x000025ca   0x000025ca   0x0000000c   Code   RO          194    i.I2C_HAL_GetStatusFlag  i2c_mk64f.o
    0x000025d6   0x000025d6   0x0000000c   Code   RO         2003    i.I2C_HAL_GetStatusFlag  fsl_i2c_hal.o
    0x000025e2   0x000025e2   0x0000001e   Code   RO         2004    i.I2C_HAL_Init      fsl_i2c_hal.o
    0x00002600   0x00002600   0x00000016   Code   RO          195    i.I2C_HAL_IsMaster  i2c_mk64f.o
    0x00002616   0x00002616   0x00000006   Code   RO          196    i.I2C_HAL_ReadByte  i2c_mk64f.o
    0x0000261c   0x0000261c   0x0000000e   Code   RO          197    i.I2C_HAL_SendAck   i2c_mk64f.o
    0x0000262a   0x0000262a   0x0000000e   Code   RO          198    i.I2C_HAL_SendNak   i2c_mk64f.o
    0x00002638   0x00002638   0x00000024   Code   RO         2012    i.I2C_HAL_SendStart  fsl_i2c_hal.o
    0x0000265c   0x0000265c   0x0000006c   Code   RO         2013    i.I2C_HAL_SendStop  fsl_i2c_hal.o
    0x000026c8   0x000026c8   0x00000022   Code   RO         2014    i.I2C_HAL_SetAddress10bit  fsl_i2c_hal.o
    0x000026ea   0x000026ea   0x00000014   Code   RO         2015    i.I2C_HAL_SetAddress7bit  fsl_i2c_hal.o
    0x000026fe   0x000026fe   0x00000002   PAD
    0x00002700   0x00002700   0x000000a8   Code   RO         2016    i.I2C_HAL_SetBaudRate  fsl_i2c_hal.o
    0x000027a8   0x000027a8   0x0000000c   Code   RO          199    i.I2C_HAL_SetDirMode  i2c_mk64f.o
    0x000027b4   0x000027b4   0x0000000c   Code   RO          200    i.I2C_HAL_SetDmaCmd  i2c_mk64f.o
    0x000027c0   0x000027c0   0x0000000c   Code   RO          201    i.I2C_HAL_SetIntCmd  i2c_mk64f.o
    0x000027cc   0x000027cc   0x00000004   Code   RO          202    i.I2C_HAL_WriteByte  i2c_mk64f.o
    0x000027d0   0x000027d0   0x000000f8   Code   RO          203    i.I2C_Initialize    i2c_mk64f.o
    0x000028c8   0x000028c8   0x0000013e   Code   RO          204    i.I2C_MasterReceive  i2c_mk64f.o
    0x00002a06   0x00002a06   0x0000013e   Code   RO          205    i.I2C_MasterTransmit  i2c_mk64f.o
    0x00002b44   0x00002b44   0x0000018c   Code   RO          206    i.I2C_PowerControl  i2c_mk64f.o
    0x00002cd0   0x00002cd0   0x00000050   Code   RO          207    i.I2C_SlaveReceive  i2c_mk64f.o
    0x00002d20   0x00002d20   0x00000050   Code   RO          208    i.I2C_SlaveTransmit  i2c_mk64f.o
    0x00002d70   0x00002d70   0x0000000a   Code   RO          209    i.I2C_Uninitialize  i2c_mk64f.o
    0x00002d7a   0x00002d7a   0x00000002   PAD
    0x00002d7c   0x00002d7c   0x00000060   Code   RO          210    i.I2Cx_DMA_Callback  i2c_mk64f.o
    0x00002ddc   0x00002ddc   0x00000492   Code   RO          211    i.I2Cx_IRQHandler   i2c_mk64f.o
    0x0000326e   0x0000326e   0x0000000c   Code   RO         2444    i.OSC_HAL_SetCapacitor  fsl_osc_hal.o
    0x0000327a   0x0000327a   0x0000000a   Code   RO         3606    i.OSC_HAL_SetExternalRefClkCmd  fsl_clock_manager.o
    0x00003284   0x00003284   0x0000000a   Code   RO         3607    i.OSC_HAL_SetExternalRefClkInStopModeCmd  fsl_clock_manager.o
    0x0000328e   0x0000328e   0x00000002   PAD
    0x00003290   0x00003290   0x00000044   Code   RO          212    i.PORT_HAL_SetMuxMode  i2c_mk64f.o
    0x000032d4   0x000032d4   0x00000044   Code   RO          694    i.PORT_HAL_SetMuxMode  pin_mux.o
    0x00003318   0x00003318   0x00000038   Code   RO          213    i.PORT_HAL_SetOpenDrainCmd  i2c_mk64f.o
    0x00003350   0x00003350   0x00000058   Code   RO          214    i.PTx_Base          i2c_mk64f.o
    0x000033a8   0x000033a8   0x0000000e   Code   RO         3608    i.RTC_HAL_SetOscillatorCmd  fsl_clock_manager.o
    0x000033b6   0x000033b6   0x00000022   Code   RO         3311    i.SIM_HAL_EnableClock  fsl_clock_mk64f12.o
    0x000033d8   0x000033d8   0x000001c4   Code   RO         3961    i.SystemCoreClockUpdate  system_mk64f12.o
    0x0000359c   0x0000359c   0x0000002c   Code   RO         3962    i.SystemInit        system_mk64f12.o
    0x000035c8   0x000035c8   0x0000000c   Code   RO         2780    i.UART_HAL_Getchar  fsl_uart_hal.o
    0x000035d4   0x000035d4   0x0000000a   Code   RO         2784    i.UART_HAL_Putchar  fsl_uart_hal.o
    0x000035de   0x000035de   0x00000056   Code   RO         2786    i.UART_HAL_ReceiveDataPolling  fsl_uart_hal.o
    0x00003634   0x00003634   0x0000002e   Code   RO         2790    i.UART_HAL_SendDataPolling  fsl_uart_hal.o
    0x00003662   0x00003662   0x00000044   Code   RO         2791    i.UART_HAL_SetBaudRate  fsl_uart_hal.o
    0x000036a6   0x000036a6   0x0000001c   Code   RO         2798    i.UART_HAL_SetParityMode  fsl_uart_hal.o
    0x000036c2   0x000036c2   0x00000002   PAD
    0x000036c4   0x000036c4   0x00000564   Code   RO         3886    i._doprint          print_scan.o
    0x00003c28   0x00003c28   0x00000048   Code   RO          713    i.configure_uart_pins  pin_mux.o
    0x00003c70   0x00003c70   0x00000016   Code   RO          597    i.dbg_uart_init     board.o
    0x00003c86   0x00003c86   0x00000002   PAD
    0x00003c88   0x00003c88   0x0000003c   Code   RO         3800    i.debug_printf      fsl_debug_console.o
    0x00003cc4   0x00003cc4   0x0000002c   Code   RO         3801    i.debug_putc        fsl_debug_console.o
    0x00003cf0   0x00003cf0   0x00000030   Code   RO         3888    i.fput_pad          print_scan.o
    0x00003d20   0x00003d20   0x0000001e   Code   RO         3931    i.hardware_init     hardware_init.o
    0x00003d3e   0x00003d3e   0x00000002   PAD
    0x00003d40   0x00003d40   0x0000004c   Code   RO          112    i.initADC           adc.o
    0x00003d8c   0x00003d8c   0x00000048   Code   RO          834    i.init_data_bss     startup.o
    0x00003dd4   0x00003dd4   0x000000b8   Code   RO            7    i.main              main.o
    0x00003e8c   0x00003e8c   0x000000a6   Code   RO         3889    i.mknumstr          print_scan.o
    0x00003f32   0x00003f32   0x0000000a   Code   RO         4211    x$fpl$fpinit        fz_wm.l(fpinit.o)
    0x00003f3c   0x00003f3c   0x00000110   Data   RO          216    .constdata          i2c_mk64f.o
    0x0000404c   0x0000404c   0x00000048   Data   RO          598    .constdata          board.o
    0x00004094   0x00004094   0x00000019   Data   RO         1032    .constdata          fsl_edma_common.o
    0x000040ad   0x000040ad   0x00000003   PAD
    0x000040b0   0x000040b0   0x00000006   Data   RO         1490    .constdata          fsl_rtc_common.o
    0x000040b6   0x000040b6   0x000000c8   Data   RO         2021    .constdata          fsl_i2c_hal.o
    0x0000417e   0x0000417e   0x00000030   Data   RO         2211    .constdata          fsl_mcg_hal.o
    0x000041ae   0x000041ae   0x00000019   Data   RO         3313    .constdata          fsl_clock_mk64f12.o
    0x000041c7   0x000041c7   0x00000001   PAD
    0x000041c8   0x000041c8   0x0000000c   Data   RO         3727    .constdata          fsl_clock_manager_common.o
    0x000041d4   0x000041d4   0x00000018   Data   RO         3805    .constdata          fsl_debug_console.o
    0x000041ec   0x000041ec   0x000000ef   Data   RO          217    .conststring        i2c_mk64f.o
    0x000042db   0x000042db   0x00000001   PAD
    0x000042dc   0x000042dc   0x00000051   Data   RO         1074    .conststring        fsl_edma_driver.o
    0x0000432d   0x0000432d   0x00000003   PAD
    0x00004330   0x00004330   0x00000054   Data   RO         1817    .conststring        fsl_edma_hal.o
    0x00004384   0x00004384   0x00000054   Data   RO         1971    .conststring        fsl_gpio_hal.o
    0x000043d8   0x000043d8   0x00000052   Data   RO         2022    .conststring        fsl_i2c_hal.o
    0x0000442a   0x0000442a   0x00000002   PAD
    0x0000442c   0x0000442c   0x00000065   Data   RO         3314    .conststring        fsl_clock_mk64f12.o
    0x00004491   0x00004491   0x00000003   PAD
    0x00004494   0x00004494   0x0000005d   Data   RO         3610    .conststring        fsl_clock_manager.o
    0x000044f1   0x000044f1   0x00000003   PAD
    0x000044f4   0x000044f4   0x00000020   Data   RO         4302    Region$$Table       anon$$obj.o


    Execution Region RW_m_data (Exec base: 0x1fff0000, Load base: 0x00004514, Size: 0x00000000, Max: 0x00010000, ABSOLUTE)

    **** No section assigned to this execution region ****


    Execution Region RW_m_data_2 (Exec base: 0x20000000, Load base: 0x00004514, Size: 0x000000e8, Max: 0x0001fc00, ABSOLUTE)

    Exec Addr    Load Addr    Size         Type   Attr      Idx    E Section Name        Object

    0x20000000   0x00004514   0x00000004   Data   RW         1075    .data               fsl_edma_driver.o
    0x20000004   0x00004518   0x00000010   Data   RW         2212    .data               fsl_mcg_hal.o
    0x20000014   0x00004528   0x00000004   Data   RW         3963    .data               system_mk64f12.o
    0x20000018        -       0x00000060   Zero   RW          215    .bss                i2c_mk64f.o
    0x20000078        -       0x00000010   Zero   RW         3804    .bss                fsl_debug_console.o
    0x20000088        -       0x00000060   Zero   RW         4164    .bss                c_w.l(libspace.o)


    Execution Region ARM_LIB_HEAP (Exec base: 0x200000e8, Load base: 0x0000452c, Size: 0x00010000, Max: 0x00010000, ABSOLUTE)

    Exec Addr    Load Addr    Size         Type   Attr      Idx    E Section Name        Object

    0x200000e8        -       0x00010000   Zero   RW            1    ARM_LIB_HEAP.bss    anon$$obj.o


    Execution Region ARM_LIB_STACK (Exec base: 0x2002fc00, Load base: 0x0000452c, Size: 0x00000400, Max: 0x00000400, ABSOLUTE)

    Exec Addr    Load Addr    Size         Type   Attr      Idx    E Section Name        Object

    0x2002fc00        -       0x00000400   Zero   RW            2    ARM_LIB_STACK.bss   anon$$obj.o



  Load Region LR_m_interrupts (Base: 0x00000000, Size: 0x00000400, Max: 0x00000400, ABSOLUTE)

    Execution Region VECTOR_RAM (Exec base: 0x00000000, Load base: 0x00000000, Size: 0x00000000, Max: 0x00000000, ABSOLUTE)

    Exec Addr    Load Addr    Size         Type   Attr      Idx    E Section Name        Object

    0x00000000        -       0x00000000   Zero   RW            3    VECTOR_RAM.bss      anon$$obj.o


    Execution Region VECTOR_ROM (Exec base: 0x00000000, Load base: 0x00000000, Size: 0x00000400, Max: 0x00000400, ABSOLUTE)

    Exec Addr    Load Addr    Size         Type   Attr      Idx    E Section Name        Object

    0x00000000   0x00000000   0x00000400   Data   RO         3952    RESET               startup_mk64f12.o



  Load Region LR_m_flash_config (Base: 0x00000400, Size: 0x00000010, Max: 0x00000010, ABSOLUTE)

    Execution Region ER_m_flash_config (Exec base: 0x00000400, Load base: 0x00000400, Size: 0x00000010, Max: 0x00000010, ABSOLUTE)

    Exec Addr    Load Addr    Size         Type   Attr      Idx    E Section Name        Object

    0x00000400   0x00000400   0x00000010   Data   RO         3953    FlashConfig         startup_mk64f12.o


==============================================================================

Image component sizes


      Code (inc. data)   RO Data    RW Data    ZI Data      Debug   Object Name

        76         14          0          0          0        434   adc.o
       174         40         72          0          0      28275   board.o
       978        110         93          0          0      30041   fsl_clock_manager.o
         0          0         12          0          0       1028   fsl_clock_manager_common.o
       594        222        126          0          0      29183   fsl_clock_mk64f12.o
       292         30         24          0         16      13908   fsl_debug_console.o
         0          0         25          0          0       1033   fsl_edma_common.o
       690        130         81          4          0      17812   fsl_edma_driver.o
      1054        154         84          0          0      14946   fsl_edma_hal.o
       160          0          0          0          0       9086   fsl_edma_irq.o
        68         16         84          0          0       1253   fsl_gpio_hal.o
       408         40        282          0          0       8754   fsl_i2c_hal.o
       802         40         48         16          0      17038   fsl_mcg_hal.o
       914         14          0          0          0      12724   fsl_mcg_hal_modes.o
         0          0          0          0          0       9164   fsl_os_abstraction_bm.o
        12          0          0          0          0       1135   fsl_osc_hal.o
         0          0          6          0          0        905   fsl_rtc_common.o
        56          0          0          0          0       1582   fsl_sim_hal_mk64f12.o
       250          0          0          0          0      12931   fsl_uart_hal.o
        30          0          0          0          0        540   hardware_init.o
      4770        412        511          0         96     120770   i2c_mk64f.o
       184         20          0          0          0     623959   main.o
       140         30          0          0          0       3258   pin_mux.o
      1594         26          0          0          0       5883   print_scan.o
        72         18          0          0          0        580   startup.o
        56         18       1040          0          0        856   startup_mk64f12.o
       496         44          0          4          0       1647   system_mk64f12.o

    ----------------------------------------------------------------------
     13898       1378       2536         24      66672     968725   Object Totals
         0          0         32          0      66560          0   (incl. Generated)
        28          0         16          0          0          0   (incl. Padding)

    ----------------------------------------------------------------------

      Code (inc. data)   RO Data    RW Data    ZI Data      Debug   Library Member Name

         8          0          0          0          0         68   __main.o
         0          0          0          0          0          0   __rtentry.o
        12          0          0          0          0          0   __rtentry2.o
         8          4          0          0          0          0   __rtentry7.o
        52          8          0          0          0          0   __scatter.o
        26          0          0          0          0          0   __scatter_copy.o
        28          0          0          0          0          0   __scatter_zi.o
        22          0          0          0          0         80   abort.o
       128         42          0          0          0         76   assert.o
        20          0          0          0          0         76   assert_puts.o
        48         34          0          0          0         76   defsig_abrt_inner.o
        14          0          0          0          0         80   defsig_abrt_outer.o
        10          0          0          0          0         68   defsig_exit.o
        50          0          0          0          0         88   defsig_general.o
        80         58          0          0          0         76   defsig_rtmem_inner.o
        14          0          0          0          0         80   defsig_rtmem_outer.o
        18          0          0          0          0         80   exit.o
        94          0          0          0          0         80   h1_alloc.o
        52          0          0          0          0         68   h1_extend.o
        78          0          0          0          0         80   h1_free.o
        14          0          0          0          0         84   h1_init.o
         4          0          0          0          0        136   hguard.o
         0          0          0          0          0          0   indicate_semi.o
       138          0          0          0          0        168   init_alloc.o
         2          0          0          0          0          0   libinit.o
         6          0          0          0          0          0   libinit2.o
        16          8          0          0          0          0   libinit5.o
         2          0          0          0          0          0   libshutdown.o
         2          0          0          0          0          0   libshutdown2.o
         0          0          0          0         96          0   libspace.o
         0          0          0          0          0          0   maybetermalloc1.o
         8          4          0          0          0         68   rt_heap_descriptor_intlibspace.o
        78          0          0          0          0         80   rt_memclr_w.o
       100          0          0          0          0         80   rt_memcpy_w.o
         2          0          0          0          0          0   rtexit.o
        10          0          0          0          0          0   rtexit2.o
        62          0          0          0          0         76   strlen.o
        12          4          0          0          0         68   sys_exit.o
        14          0          0          0          0         76   sys_wrch.o
         2          0          0          0          0         68   use_no_semi.o
        10          0          0          0          0        116   fpinit.o

    ----------------------------------------------------------------------
      1250        162          0          0         96       2096   Library Totals
         6          0          0          0          0          0   (incl. Padding)

    ----------------------------------------------------------------------

      Code (inc. data)   RO Data    RW Data    ZI Data      Debug   Library Name

      1234        162          0          0         96       1980   c_w.l
        10          0          0          0          0        116   fz_wm.l

    ----------------------------------------------------------------------
      1250        162          0          0         96       2096   Library Totals

    ----------------------------------------------------------------------

==============================================================================


      Code (inc. data)   RO Data    RW Data    ZI Data      Debug   

     15148       1540       2536         24      66768     951981   Grand Totals
     15148       1540       2536         24      66768     951981   ELF Image Totals
     15148       1540       2536         24          0          0   ROM Totals

==============================================================================

    Total RO  Size (Code + RO Data)                17684 (  17.27kB)
    Total RW  Size (RW Data + ZI Data)             66792 (  65.23kB)
    Total ROM Size (Code + RO Data + RW Data)      17708 (  17.29kB)

==============================================================================

